[toto] ETTh1  univariate   ctx=2048 H= 96 mean   MSE=0.3378 MAE=0.3694 (12s)
[toto] ETTh1  univariate   ctx=2048 H= 96 median MSE=0.3475 MAE=0.3675 (12s)
[toto] ETTh1  multivariate ctx=2048 H= 96 mean   MSE=0.3448 MAE=0.3729 (12s)
[toto] ETTh1  multivariate ctx=2048 H= 96 median MSE=0.3524 MAE=0.3702 (12s)
[toto] ETTh1  univariate   ctx=2048 H=192 mean   MSE=0.3776 MAE=0.3964 (12s)
[toto] ETTh1  univariate   ctx=2048 H=192 median MSE=0.3913 MAE=0.3955 (12s)
[toto] ETTh1  multivariate ctx=2048 H=192 mean   MSE=0.3913 MAE=0.4023 (12s)
[toto] ETTh1  multivariate ctx=2048 H=192 median MSE=0.4036 MAE=0.4008 (12s)
[toto] ETTh1  univariate   ctx=2048 H=336 mean   MSE=0.3934 MAE=0.4081 (13s)
[toto] ETTh1  univariate   ctx=2048 H=336 median MSE=0.4091 MAE=0.4070 (13s)
[toto] ETTh1  multivariate ctx=2048 H=336 mean   MSE=0.4107 MAE=0.4155 (14s)
[toto] ETTh1  multivariate ctx=2048 H=336 median MSE=0.4265 MAE=0.4144 (14s)
[toto] ETTh1  univariate   ctx=2048 H=720 mean   MSE=0.3899 MAE=0.4181 (16s)
[toto] ETTh1  univariate   ctx=2048 H=720 median MSE=0.3979 MAE=0.4152 (16s)
[toto] ETTh1  multivariate ctx=2048 H=720 mean   MSE=0.4114 MAE=0.4321 (15s)
[toto] ETTh1  multivariate ctx=2048 H=720 median MSE=0.4193 MAE=0.4292 (15s)
[toto] ETTh2  univariate   ctx=2048 H= 96 mean   MSE=0.2627 MAE=0.3171 (12s)
[toto] ETTh2  univariate   ctx=2048 H= 96 median MSE=0.2713 MAE=0.3085 (12s)
[toto] ETTh2  multivariate ctx=2048 H= 96 mean   MSE=0.2612 MAE=0.3156 (12s)
[toto] ETTh2  multivariate ctx=2048 H= 96 median MSE=0.2682 MAE=0.3070 (12s)
[toto] ETTh2  univariate   ctx=2048 H=192 mean   MSE=0.3298 MAE=0.3647 (11s)
[toto] ETTh2  univariate   ctx=2048 H=192 median MSE=0.3395 MAE=0.3557 (11s)
[toto] ETTh2  multivariate ctx=2048 H=192 mean   MSE=0.3317 MAE=0.3648 (12s)
[toto] ETTh2  multivariate ctx=2048 H=192 median MSE=0.3401 MAE=0.3566 (12s)
[toto] ETTh2  univariate   ctx=2048 H=336 mean   MSE=0.3666 MAE=0.3963 (13s)
[toto] ETTh2  univariate   ctx=2048 H=336 median MSE=0.3730 MAE=0.3836 (13s)
[toto] ETTh2  multivariate ctx=2048 H=336 mean   MSE=0.3690 MAE=0.3965 (13s)
[toto] ETTh2  multivariate ctx=2048 H=336 median MSE=0.3762 MAE=0.3862 (13s)
[toto] ETTh2  univariate   ctx=2048 H=720 mean   MSE=0.3720 MAE=0.4143 (15s)
[toto] ETTh2  univariate   ctx=2048 H=720 median MSE=0.3694 MAE=0.3939 (15s)
[toto] ETTh2  multivariate ctx=2048 H=720 mean   MSE=0.3814 MAE=0.4196 (15s)
[toto] ETTh2  multivariate ctx=2048 H=720 median MSE=0.3780 MAE=0.4018 (15s)
[toto] ETTm1  univariate   ctx=2048 H= 96 mean   MSE=0.2987 MAE=0.3236 (12s)
[toto] ETTm1  univariate   ctx=2048 H= 96 median MSE=0.3072 MAE=0.3226 (12s)
[toto] ETTm1  multivariate ctx=2048 H= 96 mean   MSE=0.2993 MAE=0.3215 (12s)
[toto] ETTm1  multivariate ctx=2048 H= 96 median MSE=0.3024 MAE=0.3189 (12s)
[toto] ETTm1  univariate   ctx=2048 H=192 mean   MSE=0.3453 MAE=0.3533 (12s)
[toto] ETTm1  univariate   ctx=2048 H=192 median MSE=0.3564 MAE=0.3527 (12s)
[toto] ETTm1  multivariate ctx=2048 H=192 mean   MSE=0.3486 MAE=0.3531 (12s)
[toto] ETTm1  multivariate ctx=2048 H=192 median MSE=0.3543 MAE=0.3509 (12s)
[toto] ETTm1  univariate   ctx=2048 H=336 mean   MSE=0.3784 MAE=0.3750 (13s)
[toto] ETTm1  univariate   ctx=2048 H=336 median MSE=0.3918 MAE=0.3741 (13s)
[toto] ETTm1  multivariate ctx=2048 H=336 mean   MSE=0.3819 MAE=0.3755 (13s)
[toto] ETTm1  multivariate ctx=2048 H=336 median MSE=0.3909 MAE=0.3732 (13s)
[toto] ETTm1  univariate   ctx=2048 H=720 mean   MSE=0.4400 MAE=0.4109 (15s)
[toto] ETTm1  univariate   ctx=2048 H=720 median MSE=0.4560 MAE=0.4089 (15s)
[toto] ETTm1  multivariate ctx=2048 H=720 mean   MSE=0.4408 MAE=0.4104 (16s)
[toto] ETTm1  multivariate ctx=2048 H=720 median MSE=0.4557 MAE=0.4086 (16s)
[toto] ETTm2  univariate   ctx=2048 H= 96 mean   MSE=0.1580 MAE=0.2402 (12s)
[toto] ETTm2  univariate   ctx=2048 H= 96 median MSE=0.1655 MAE=0.2308 (12s)
[toto] ETTm2  multivariate ctx=2048 H= 96 mean   MSE=0.1552 MAE=0.2360 (12s)
[toto] ETTm2  multivariate ctx=2048 H= 96 median MSE=0.1627 MAE=0.2290 (12s)
[toto] ETTm2  univariate   ctx=2048 H=192 mean   MSE=0.2218 MAE=0.2860 (12s)
[toto] ETTm2  univariate   ctx=2048 H=192 median MSE=0.2311 MAE=0.2768 (12s)
[toto] ETTm2  multivariate ctx=2048 H=192 mean   MSE=0.2212 MAE=0.2828 (12s)
[toto] ETTm2  multivariate ctx=2048 H=192 median MSE=0.2302 MAE=0.2758 (12s)
[toto] ETTm2  univariate   ctx=2048 H=336 mean   MSE=0.2757 MAE=0.3243 (13s)
[toto] ETTm2  univariate   ctx=2048 H=336 median MSE=0.2858 MAE=0.3130 (13s)
[toto] ETTm2  multivariate ctx=2048 H=336 mean   MSE=0.2750 MAE=0.3204 (14s)
[toto] ETTm2  multivariate ctx=2048 H=336 median MSE=0.2862 MAE=0.3134 (14s)
[toto] ETTm2  univariate   ctx=2048 H=720 mean   MSE=0.3551 MAE=0.3831 (15s)
[toto] ETTm2  univariate   ctx=2048 H=720 median MSE=0.3638 MAE=0.3699 (15s)
[toto] ETTm2  multivariate ctx=2048 H=720 mean   MSE=0.3457 MAE=0.3731 (15s)
[toto] ETTm2  multivariate ctx=2048 H=720 median MSE=0.3541 MAE=0.3648 (15s)
[toto] ETTh1  univariate   ctx=2048 H= 96 mean   MSE=0.3412 MAE=0.3716 (376s)
[toto] ETTh1  univariate   ctx=2048 H= 96 median MSE=0.3632 MAE=0.3669 (376s)
[toto] ETTh1  multivariate ctx=2048 H= 96 mean   MSE=0.3492 MAE=0.3731 (617s)
[toto] ETTh1  multivariate ctx=2048 H= 96 median MSE=0.3700 MAE=0.3688 (617s)
[toto] ETTh1  univariate   ctx=2048 H=192 mean   MSE=0.3869 MAE=0.4017 (385s)
[toto] ETTh1  univariate   ctx=2048 H=192 median MSE=0.4142 MAE=0.3994 (385s)
[toto] ETTh1  multivariate ctx=2048 H=192 mean   MSE=0.3946 MAE=0.4036 (784s)
[toto] ETTh1  multivariate ctx=2048 H=192 median MSE=0.4213 MAE=0.4018 (784s)
[toto] ETTh1  univariate   ctx=2048 H=336 mean   MSE=0.4039 MAE=0.4154 (388s)
[toto] ETTh1  univariate   ctx=2048 H=336 median MSE=0.4361 MAE=0.4142 (388s)
[toto] ETTh1  multivariate ctx=2048 H=336 mean   MSE=0.4140 MAE=0.4183 (6841s)
[toto] ETTh1  multivariate ctx=2048 H=336 median MSE=0.4434 MAE=0.4170 (6841s)
[toto] ETTh1  univariate   ctx=2048 H=720 mean   MSE=0.3988 MAE=0.4263 (7494s)
[toto] ETTh1  univariate   ctx=2048 H=720 median MSE=0.4123 MAE=0.4211 (7494s)
[toto] ETTh1  multivariate ctx=2048 H=720 mean   MSE=0.4109 MAE=0.4344 (4783s)
[toto] ETTh1  multivariate ctx=2048 H=720 median MSE=0.4242 MAE=0.4297 (4783s)
[toto] ETTh2  univariate   ctx=2048 H= 96 mean   MSE=0.2582 MAE=0.3144 (1349s)
[toto] ETTh2  univariate   ctx=2048 H= 96 median MSE=0.2666 MAE=0.3028 (1349s)
[toto] ETTh2  multivariate ctx=2048 H= 96 mean   MSE=0.2587 MAE=0.3138 (356s)
[toto] ETTh2  multivariate ctx=2048 H= 96 median MSE=0.2672 MAE=0.3031 (356s)
[toto] ETTh2  univariate   ctx=2048 H=192 mean   MSE=0.3268 MAE=0.3624 (384s)
[toto] ETTh2  univariate   ctx=2048 H=192 median MSE=0.3339 MAE=0.3496 (384s)
[toto] ETTh2  multivariate ctx=2048 H=192 mean   MSE=0.3288 MAE=0.3631 (401s)
[toto] ETTh2  multivariate ctx=2048 H=192 median MSE=0.3356 MAE=0.3508 (401s)
[toto] ETTh2  univariate   ctx=2048 H=336 mean   MSE=0.3667 MAE=0.3964 (438s)
[toto] ETTh2  univariate   ctx=2048 H=336 median MSE=0.3731 MAE=0.3815 (438s)
[toto] ETTh2  multivariate ctx=2048 H=336 mean   MSE=0.3711 MAE=0.3986 (448s)
[toto] ETTh2  multivariate ctx=2048 H=336 median MSE=0.3774 MAE=0.3845 (448s)
[toto] ETTh2  univariate   ctx=2048 H=720 mean   MSE=0.3807 MAE=0.4192 (530s)
[toto] ETTh2  univariate   ctx=2048 H=720 median MSE=0.3746 MAE=0.3970 (530s)
[toto] ETTh2  multivariate ctx=2048 H=720 mean   MSE=0.3963 MAE=0.4290 (1787s)
[toto] ETTh2  multivariate ctx=2048 H=720 median MSE=0.3876 MAE=0.4062 (1787s)
[toto] ETTm1  univariate   ctx=2048 H= 96 mean   MSE=0.2748 MAE=0.3124 (505s)
[toto] ETTm1  univariate   ctx=2048 H= 96 median MSE=0.2903 MAE=0.3087 (505s)
[toto] ETTm1  multivariate ctx=2048 H= 96 mean   MSE=0.2716 MAE=0.3095 (1616s)
[toto] ETTm1  multivariate ctx=2048 H= 96 median MSE=0.2848 MAE=0.3053 (1616s)
[toto] ETTm1  univariate   ctx=2048 H=192 mean   MSE=0.3212 MAE=0.3431 (370s)
[toto] ETTm1  univariate   ctx=2048 H=192 median MSE=0.3458 MAE=0.3416 (370s)
[toto] ETTm1  multivariate ctx=2048 H=192 mean   MSE=0.3203 MAE=0.3413 (384s)
[toto] ETTm1  multivariate ctx=2048 H=192 median MSE=0.3405 MAE=0.3386 (384s)
[toto] ETTm1  univariate   ctx=2048 H=336 mean   MSE=0.3478 MAE=0.3646 (498s)
[toto] ETTm1  univariate   ctx=2048 H=336 median MSE=0.3763 MAE=0.3633 (498s)
[toto] ETTm1  multivariate ctx=2048 H=336 mean   MSE=0.3514 MAE=0.3637 (4545s)
[toto] ETTm1  multivariate ctx=2048 H=336 median MSE=0.3773 MAE=0.3620 (4545s)
[toto] ETTm1  univariate   ctx=2048 H=720 mean   MSE=0.4121 MAE=0.4035 (451s)
[toto] ETTm1  univariate   ctx=2048 H=720 median MSE=0.4524 MAE=0.4045 (451s)
[toto] ETTm1  multivariate ctx=2048 H=720 mean   MSE=0.4106 MAE=0.4010 (458s)
[toto] ETTm1  multivariate ctx=2048 H=720 median MSE=0.4457 MAE=0.4014 (458s)
[toto] ETTm2  univariate   ctx=2048 H= 96 mean   MSE=0.1536 MAE=0.2341 (352s)
[toto] ETTm2  univariate   ctx=2048 H= 96 median MSE=0.1628 MAE=0.2248 (352s)
[toto] ETTm2  multivariate ctx=2048 H= 96 mean   MSE=0.1508 MAE=0.2309 (352s)
[toto] ETTm2  multivariate ctx=2048 H= 96 median MSE=0.1595 MAE=0.2226 (352s)
[toto] ETTm2  univariate   ctx=2048 H=192 mean   MSE=0.2128 MAE=0.2800 (366s)
[toto] ETTm2  univariate   ctx=2048 H=192 median MSE=0.2251 MAE=0.2708 (366s)
[toto] ETTm2  multivariate ctx=2048 H=192 mean   MSE=0.2117 MAE=0.2771 (1579s)
[toto] ETTm2  multivariate ctx=2048 H=192 median MSE=0.2243 MAE=0.2694 (1579s)
[toto] ETTm2  univariate   ctx=2048 H=336 mean   MSE=0.2607 MAE=0.3157 (394s)
[toto] ETTm2  univariate   ctx=2048 H=336 median MSE=0.2714 MAE=0.3042 (394s)
[toto] ETTm2  multivariate ctx=2048 H=336 mean   MSE=0.2581 MAE=0.3110 (391s)
[toto] ETTm2  multivariate ctx=2048 H=336 median MSE=0.2701 MAE=0.3027 (391s)
[toto] ETTm2  univariate   ctx=2048 H=720 mean   MSE=0.3313 MAE=0.3697 (505s)
[toto] ETTm2  univariate   ctx=2048 H=720 median MSE=0.3357 MAE=0.3532 (505s)
[toto] ETTm2  multivariate ctx=2048 H=720 mean   MSE=0.3269 MAE=0.3619 (454s)
[toto] ETTm2  multivariate ctx=2048 H=720 median MSE=0.3320 MAE=0.3495 (454s)
[toto] ETTh1  univariate   ctx=2048 H= 96 mean   MSE=0.3416 MAE=0.3719 (3176s)
[toto] ETTh1  univariate   ctx=2048 H= 96 median MSE=0.3601 MAE=0.3659 (3176s)
[toto] ETTh1  multivariate ctx=2048 H= 96 mean   MSE=0.3480 MAE=0.3736 (1961s)
[toto] ETTh1  multivariate ctx=2048 H= 96 median MSE=0.3650 MAE=0.3671 (1961s)
[toto] ETTh1  univariate   ctx=2048 H=192 mean   MSE=0.3856 MAE=0.4022 (918s)
[toto] ETTh1  univariate   ctx=2048 H=192 median MSE=0.4113 MAE=0.3990 (918s)
[toto] ETTh1  multivariate ctx=2048 H=192 mean   MSE=0.3935 MAE=0.4045 (909s)
[toto] ETTh1  multivariate ctx=2048 H=192 median MSE=0.4155 MAE=0.4002 (909s)
[toto] ETTh1  univariate   ctx=2048 H=336 mean   MSE=0.4013 MAE=0.4149 (959s)
[toto] ETTh1  univariate   ctx=2048 H=336 median MSE=0.4299 MAE=0.4122 (959s)
[toto] ETTh1  multivariate ctx=2048 H=336 mean   MSE=0.4109 MAE=0.4185 (1144s)
[toto] ETTh1  multivariate ctx=2048 H=336 median MSE=0.4353 MAE=0.4145 (1144s)
[toto] ETTh1  univariate   ctx=2048 H=720 mean   MSE=0.3975 MAE=0.4271 (2375s)
[toto] ETTh1  univariate   ctx=2048 H=720 median MSE=0.4088 MAE=0.4210 (2375s)
[toto] ETTh1  multivariate ctx=2048 H=720 mean   MSE=0.4103 MAE=0.4368 (23085s)
[toto] ETTh1  multivariate ctx=2048 H=720 median MSE=0.4185 MAE=0.4287 (23085s)
[toto] ETTh2  univariate   ctx=2048 H= 96 mean   MSE=0.2569 MAE=0.3134 (5739s)
[toto] ETTh2  univariate   ctx=2048 H= 96 median MSE=0.2654 MAE=0.3021 (5739s)
[toto] ETTh2  univariate   ctx=2048 H=192 mean   MSE=0.3245 MAE=0.3619 (1238s)
[toto] ETTh2  univariate   ctx=2048 H=192 median MSE=0.3308 MAE=0.3485 (1238s)
[toto] ETTh2  univariate   ctx=2048 H=336 mean   MSE=0.3651 MAE=0.3963 (2178s)
[toto] ETTh2  univariate   ctx=2048 H=336 median MSE=0.3705 MAE=0.3806 (2178s)
[toto] ETTh2  univariate   ctx=2048 H=720 mean   MSE=0.3822 MAE=0.4218 (1630s)
[toto] ETTh2  univariate   ctx=2048 H=720 median MSE=0.3752 MAE=0.3981 (1630s)
[toto] ETTm1  univariate   ctx=2048 H= 96 mean   MSE=0.2667 MAE=0.3092 (1246s)
[toto] ETTm1  univariate   ctx=2048 H= 96 median MSE=0.2811 MAE=0.3035 (1246s)
[toto] ETTm1  univariate   ctx=2048 H=192 mean   MSE=0.3161 MAE=0.3413 (2496s)
[toto] ETTm1  univariate   ctx=2048 H=192 median MSE=0.3343 MAE=0.3370 (2496s)
[toto] ETTm1  univariate   ctx=2048 H=336 mean   MSE=0.3445 MAE=0.3639 (1246s)
[toto] ETTm1  univariate   ctx=2048 H=336 median MSE=0.3677 MAE=0.3599 (1246s)
[toto] ETTm1  univariate   ctx=2048 H=720 mean   MSE=0.4047 MAE=0.4014 (1417s)
[toto] ETTm1  univariate   ctx=2048 H=720 median MSE=0.4334 MAE=0.3991 (1417s)
[toto] ETTm2  univariate   ctx=2048 H= 96 mean   MSE=0.1521 MAE=0.2324 (2018s)
[toto] ETTm2  univariate   ctx=2048 H= 96 median MSE=0.1607 MAE=0.2233 (2018s)
[toto] ETTm2  univariate   ctx=2048 H=192 mean   MSE=0.2150 MAE=0.2799 (1093s)
[toto] ETTm2  univariate   ctx=2048 H=192 median MSE=0.2266 MAE=0.2707 (1093s)
[toto] ETTm2  univariate   ctx=2048 H=336 mean   MSE=0.2627 MAE=0.3153 (1190s)
[toto] ETTm2  univariate   ctx=2048 H=336 median MSE=0.2737 MAE=0.3047 (1190s)
[toto] ETTm2  univariate   ctx=2048 H=720 mean   MSE=0.3365 MAE=0.3705 (2288s)
[toto] ETTm2  univariate   ctx=2048 H=720 median MSE=0.3402 MAE=0.3548 (2288s)
[toto] ETTh2  multivariate ctx=2048 H= 96 mean   MSE=0.2571 MAE=0.3128 (1178s)
[toto] ETTh2  multivariate ctx=2048 H= 96 median MSE=0.2652 MAE=0.3018 (1178s)
[toto] ETTh2  multivariate ctx=2048 H=192 mean   MSE=0.3257 MAE=0.3620 (2982s)
[toto] ETTh2  multivariate ctx=2048 H=192 median MSE=0.3326 MAE=0.3497 (2982s)
[toto] ETTh2  multivariate ctx=2048 H=336 mean   MSE=0.3642 MAE=0.3955 (1753s)
[toto] ETTh2  multivariate ctx=2048 H=336 median MSE=0.3717 MAE=0.3815 (1753s)
[toto] ETTh2  multivariate ctx=2048 H=720 mean   MSE=0.3868 MAE=0.4250 (7018s)
[toto] ETTh2  multivariate ctx=2048 H=720 median MSE=0.3805 MAE=0.4030 (7018s)
[toto] ETTm1  multivariate ctx=2048 H= 96 mean   MSE=0.2634 MAE=0.3066 (4831s)
[toto] ETTm1  multivariate ctx=2048 H= 96 median MSE=0.2770 MAE=0.3012 (4831s)
[toto] ETTm1  multivariate ctx=2048 H=192 mean   MSE=0.3140 MAE=0.3396 (923s)
[toto] ETTm1  multivariate ctx=2048 H=192 median MSE=0.3311 MAE=0.3353 (923s)
[toto] ETTm1  multivariate ctx=2048 H=336 mean   MSE=0.3451 MAE=0.3621 (1008s)
[toto] ETTm1  multivariate ctx=2048 H=336 median MSE=0.3664 MAE=0.3584 (1008s)
[toto] ETTm1  multivariate ctx=2048 H=720 mean   MSE=0.4005 MAE=0.3980 (1136s)
[toto] ETTm1  multivariate ctx=2048 H=720 median MSE=0.4276 MAE=0.3960 (1136s)
[toto] ETTm2  multivariate ctx=2048 H= 96 mean   MSE=0.1504 MAE=0.2300 (1860s)
[toto] ETTm2  multivariate ctx=2048 H= 96 median MSE=0.1582 MAE=0.2214 (1860s)
[toto] ETTm2  multivariate ctx=2048 H=192 mean   MSE=0.2163 MAE=0.2787 (885s)
[toto] ETTm2  multivariate ctx=2048 H=192 median MSE=0.2275 MAE=0.2709 (885s)
[toto] ETTm2  multivariate ctx=2048 H=336 mean   MSE=0.2626 MAE=0.3126 (958s)
[toto] ETTm2  multivariate ctx=2048 H=336 median MSE=0.2748 MAE=0.3048 (958s)
[toto] ETTm2  multivariate ctx=2048 H=720 mean   MSE=0.3333 MAE=0.3647 (1132s)
[toto] ETTm2  multivariate ctx=2048 H=720 median MSE=0.3405 MAE=0.3536 (1132s)
[toto] ETTh1  univariate   ctx= 512 H= 96 mean   MSE=0.3742 MAE=0.3788 (6s)
[toto] ETTh1  univariate   ctx= 512 H= 96 median MSE=0.3887 MAE=0.3795 (6s)
[toto] ETTh1  univariate   ctx= 512 H=192 mean   MSE=0.4183 MAE=0.4077 (6s)
[toto] ETTh1  univariate   ctx= 512 H=192 median MSE=0.4352 MAE=0.4089 (6s)
[toto] ETTh1  univariate   ctx= 512 H=336 mean   MSE=0.4388 MAE=0.4209 (8s)
[toto] ETTh1  univariate   ctx= 512 H=336 median MSE=0.4595 MAE=0.4224 (8s)
[toto] ETTh1  univariate   ctx= 512 H=720 mean   MSE=0.4261 MAE=0.4329 (12s)
[toto] ETTh1  univariate   ctx= 512 H=720 median MSE=0.4384 MAE=0.4310 (12s)
[toto] ETTh1  univariate   ctx=1024 H= 96 mean   MSE=0.3528 MAE=0.3728 (10s)
[toto] ETTh1  univariate   ctx=1024 H= 96 median MSE=0.3652 MAE=0.3716 (10s)
[toto] ETTh1  univariate   ctx=1024 H=192 mean   MSE=0.4001 MAE=0.4038 (11s)
[toto] ETTh1  univariate   ctx=1024 H=192 median MSE=0.4161 MAE=0.4025 (11s)
[toto] ETTh1  univariate   ctx=1024 H=336 mean   MSE=0.4191 MAE=0.4178 (14s)
[toto] ETTh1  univariate   ctx=1024 H=336 median MSE=0.4356 MAE=0.4152 (14s)
[toto] ETTh1  univariate   ctx=1024 H=720 mean   MSE=0.4192 MAE=0.4333 (16s)
[toto] ETTh1  univariate   ctx=1024 H=720 median MSE=0.4284 MAE=0.4273 (16s)
[toto] ETTh2  univariate   ctx= 512 H= 96 mean   MSE=0.2834 MAE=0.3320 (5s)
[toto] ETTh2  univariate   ctx= 512 H= 96 median MSE=0.2918 MAE=0.3235 (5s)
[toto] ETTh2  univariate   ctx= 512 H=192 mean   MSE=0.3576 MAE=0.3813 (7s)
[toto] ETTh2  univariate   ctx= 512 H=192 median MSE=0.3670 MAE=0.3737 (7s)
[toto] ETTh2  univariate   ctx= 512 H=336 mean   MSE=0.3914 MAE=0.4125 (8s)
[toto] ETTh2  univariate   ctx= 512 H=336 median MSE=0.3954 MAE=0.4011 (8s)
[toto] ETTh2  univariate   ctx= 512 H=720 mean   MSE=0.4092 MAE=0.4364 (12s)
[toto] ETTh2  univariate   ctx= 512 H=720 median MSE=0.4010 MAE=0.4167 (12s)
[toto] ETTh2  univariate   ctx=1024 H= 96 mean   MSE=0.2771 MAE=0.3261 (12s)
[toto] ETTh2  univariate   ctx=1024 H= 96 median MSE=0.2832 MAE=0.3155 (12s)
[toto] ETTh2  univariate   ctx=1024 H=192 mean   MSE=0.3530 MAE=0.3770 (11s)
[toto] ETTh2  univariate   ctx=1024 H=192 median MSE=0.3579 MAE=0.3663 (11s)
[toto] ETTh2  univariate   ctx=1024 H=336 mean   MSE=0.3896 MAE=0.4080 (14s)
[toto] ETTh2  univariate   ctx=1024 H=336 median MSE=0.3915 MAE=0.3953 (14s)
[toto] ETTh2  univariate   ctx=1024 H=720 mean   MSE=0.3907 MAE=0.4257 (14s)
[toto] ETTh2  univariate   ctx=1024 H=720 median MSE=0.3876 MAE=0.4063 (14s)
[toto] ETTm1  univariate   ctx= 512 H= 96 mean   MSE=0.3248 MAE=0.3390 (5s)
[toto] ETTm1  univariate   ctx= 512 H= 96 median MSE=0.3335 MAE=0.3378 (5s)
[toto] ETTm1  univariate   ctx= 512 H=192 mean   MSE=0.3781 MAE=0.3696 (4s)
[toto] ETTm1  univariate   ctx= 512 H=192 median MSE=0.3882 MAE=0.3679 (4s)
[toto] ETTm1  univariate   ctx= 512 H=336 mean   MSE=0.4175 MAE=0.3942 (5s)
[toto] ETTm1  univariate   ctx= 512 H=336 median MSE=0.4283 MAE=0.3920 (5s)
[toto] ETTm1  univariate   ctx= 512 H=720 mean   MSE=0.4930 MAE=0.4372 (7s)
[toto] ETTm1  univariate   ctx= 512 H=720 median MSE=0.5066 MAE=0.4323 (7s)
[toto] ETTm1  univariate   ctx=1024 H= 96 mean   MSE=0.3178 MAE=0.3316 (6s)
[toto] ETTm1  univariate   ctx=1024 H= 96 median MSE=0.3264 MAE=0.3302 (6s)
[toto] ETTm1  univariate   ctx=1024 H=192 mean   MSE=0.3744 MAE=0.3634 (6s)
[toto] ETTm1  univariate   ctx=1024 H=192 median MSE=0.3881 MAE=0.3630 (6s)
[toto] ETTm1  univariate   ctx=1024 H=336 mean   MSE=0.4089 MAE=0.3862 (7s)
[toto] ETTm1  univariate   ctx=1024 H=336 median MSE=0.4237 MAE=0.3851 (7s)
[toto] ETTm1  univariate   ctx=1024 H=720 mean   MSE=0.4807 MAE=0.4275 (9s)
[toto] ETTm1  univariate   ctx=1024 H=720 median MSE=0.4948 MAE=0.4222 (9s)
[toto] ETTm2  univariate   ctx= 512 H= 96 mean   MSE=0.1724 MAE=0.2564 (3s)
[toto] ETTm2  univariate   ctx= 512 H= 96 median MSE=0.1813 MAE=0.2476 (3s)
[toto] ETTm2  univariate   ctx= 512 H=192 mean   MSE=0.2370 MAE=0.3016 (4s)
[toto] ETTm2  univariate   ctx= 512 H=192 median MSE=0.2438 MAE=0.2919 (4s)
[toto] ETTm2  univariate   ctx= 512 H=336 mean   MSE=0.2956 MAE=0.3418 (5s)
[toto] ETTm2  univariate   ctx= 512 H=336 median MSE=0.2982 MAE=0.3286 (5s)
[toto] ETTm2  univariate   ctx= 512 H=720 mean   MSE=0.3925 MAE=0.4025 (8s)
[toto] ETTm2  univariate   ctx= 512 H=720 median MSE=0.3893 MAE=0.3864 (8s)
[toto] ETTm2  univariate   ctx=1024 H= 96 mean   MSE=0.1673 MAE=0.2491 (6s)
[toto] ETTm2  univariate   ctx=1024 H= 96 median MSE=0.1755 MAE=0.2401 (6s)
[toto] ETTm2  univariate   ctx=1024 H=192 mean   MSE=0.2358 MAE=0.2980 (7s)
[toto] ETTm2  univariate   ctx=1024 H=192 median MSE=0.2448 MAE=0.2881 (7s)
[toto] ETTm2  univariate   ctx=1024 H=336 mean   MSE=0.2959 MAE=0.3379 (8s)
[toto] ETTm2  univariate   ctx=1024 H=336 median MSE=0.3048 MAE=0.3264 (8s)
[toto] ETTm2  univariate   ctx=1024 H=720 mean   MSE=0.3851 MAE=0.3986 (10s)
[toto] ETTm2  univariate   ctx=1024 H=720 median MSE=0.3932 MAE=0.3863 (10s)
[toto] ETTh1  univariate   ctx= 512 H= 96 mean   MSE=0.3569 MAE=0.3747 (103s)
[toto] ETTh1  univariate   ctx= 512 H= 96 median MSE=0.3830 MAE=0.3731 (103s)
[toto] ETTh1  univariate   ctx= 512 H=192 mean   MSE=0.4056 MAE=0.4052 (120s)
[toto] ETTh1  univariate   ctx= 512 H=192 median MSE=0.4367 MAE=0.4053 (120s)
[toto] ETTh1  univariate   ctx= 512 H=336 mean   MSE=0.4225 MAE=0.4196 (180s)
[toto] ETTh1  univariate   ctx= 512 H=336 median MSE=0.4556 MAE=0.4197 (180s)
[toto] ETTh1  univariate   ctx= 512 H=720 mean   MSE=0.4154 MAE=0.4323 (241s)
[toto] ETTh1  univariate   ctx= 512 H=720 median MSE=0.4401 MAE=0.4290 (241s)
[toto] ETTh1  univariate   ctx=1024 H= 96 mean   MSE=0.3445 MAE=0.3708 (190s)
[toto] ETTh1  univariate   ctx=1024 H= 96 median MSE=0.3650 MAE=0.3659 (190s)
[toto] ETTh1  univariate   ctx=1024 H=192 mean   MSE=0.3919 MAE=0.4023 (214s)
[toto] ETTh1  univariate   ctx=1024 H=192 median MSE=0.4175 MAE=0.3990 (214s)
[toto] ETTh1  univariate   ctx=1024 H=336 mean   MSE=0.4128 MAE=0.4185 (233s)
[toto] ETTh1  univariate   ctx=1024 H=336 median MSE=0.4412 MAE=0.4152 (233s)
[toto] ETTh1  univariate   ctx=1024 H=720 mean   MSE=0.4066 MAE=0.4327 (298s)
[toto] ETTh1  univariate   ctx=1024 H=720 median MSE=0.4232 MAE=0.4255 (298s)
[toto] ETTh2  univariate   ctx= 512 H= 96 mean   MSE=0.2767 MAE=0.3292 (101s)
[toto] ETTh2  univariate   ctx= 512 H= 96 median MSE=0.2890 MAE=0.3207 (101s)
[toto] ETTh2  univariate   ctx= 512 H=192 mean   MSE=0.3546 MAE=0.3802 (115s)
[toto] ETTh2  univariate   ctx= 512 H=192 median MSE=0.3647 MAE=0.3701 (115s)
[toto] ETTh2  univariate   ctx= 512 H=336 mean   MSE=0.3906 MAE=0.4129 (149s)
[toto] ETTh2  univariate   ctx= 512 H=336 median MSE=0.3969 MAE=0.3998 (149s)
[toto] ETTh2  univariate   ctx= 512 H=720 mean   MSE=0.4217 MAE=0.4413 (213s)
[toto] ETTh2  univariate   ctx= 512 H=720 median MSE=0.4073 MAE=0.4169 (213s)
[toto] ETTh2  univariate   ctx=1024 H= 96 mean   MSE=0.2719 MAE=0.3235 (199s)
[toto] ETTh2  univariate   ctx=1024 H= 96 median MSE=0.2824 MAE=0.3131 (199s)
[toto] ETTh2  univariate   ctx=1024 H=192 mean   MSE=0.3490 MAE=0.3745 (205s)
[toto] ETTh2  univariate   ctx=1024 H=192 median MSE=0.3587 MAE=0.3634 (205s)
[toto] ETTh2  univariate   ctx=1024 H=336 mean   MSE=0.3862 MAE=0.4065 (248s)
[toto] ETTh2  univariate   ctx=1024 H=336 median MSE=0.3927 MAE=0.3927 (248s)
[toto] ETTh2  univariate   ctx=1024 H=720 mean   MSE=0.3984 MAE=0.4310 (489s)
[toto] ETTh2  univariate   ctx=1024 H=720 median MSE=0.3930 MAE=0.4089 (489s)
[toto] ETTm1  univariate   ctx= 512 H= 96 mean   MSE=0.3140 MAE=0.3313 (99s)
[toto] ETTm1  univariate   ctx= 512 H= 96 median MSE=0.3307 MAE=0.3293 (99s)
[toto] ETTm1  univariate   ctx= 512 H=192 mean   MSE=0.3685 MAE=0.3648 (113s)
[toto] ETTm1  univariate   ctx= 512 H=192 median MSE=0.3833 MAE=0.3610 (113s)
[toto] ETTm1  univariate   ctx= 512 H=336 mean   MSE=0.3993 MAE=0.3893 (148s)
[toto] ETTm1  univariate   ctx= 512 H=336 median MSE=0.4231 MAE=0.3861 (148s)
[toto] ETTm1  univariate   ctx= 512 H=720 mean   MSE=0.4872 MAE=0.4368 (406s)
[toto] ETTm1  univariate   ctx= 512 H=720 median MSE=0.5054 MAE=0.4292 (406s)
[toto] ETTm1  univariate   ctx=1024 H= 96 mean   MSE=0.2998 MAE=0.3225 (191s)
[toto] ETTm1  univariate   ctx=1024 H= 96 median MSE=0.3241 MAE=0.3219 (191s)
[toto] ETTm1  univariate   ctx=1024 H=192 mean   MSE=0.3593 MAE=0.3573 (208s)
[toto] ETTm1  univariate   ctx=1024 H=192 median MSE=0.3919 MAE=0.3574 (208s)
[toto] ETTm1  univariate   ctx=1024 H=336 mean   MSE=0.3837 MAE=0.3784 (589s)
[toto] ETTm1  univariate   ctx=1024 H=336 median MSE=0.4165 MAE=0.3777 (589s)
[toto] ETTm1  univariate   ctx=1024 H=720 mean   MSE=0.4511 MAE=0.4191 (294s)
[toto] ETTm1  univariate   ctx=1024 H=720 median MSE=0.4915 MAE=0.4179 (294s)
[toto] ETTm2  univariate   ctx= 512 H= 96 mean   MSE=0.1648 MAE=0.2479 (109s)
[toto] ETTm2  univariate   ctx= 512 H= 96 median MSE=0.1731 MAE=0.2382 (109s)
[toto] ETTm2  univariate   ctx= 512 H=192 mean   MSE=0.3179 MAE=0.3011 (113s)
[toto] ETTm2  univariate   ctx= 512 H=192 median MSE=0.2386 MAE=0.2852 (113s)
[toto] ETTm2  univariate   ctx= 512 H=336 mean   MSE=0.2901 MAE=0.3363 (149s)
[toto] ETTm2  univariate   ctx= 512 H=336 median MSE=0.2923 MAE=0.3222 (149s)
[toto] ETTm2  univariate   ctx= 512 H=720 mean   MSE=0.5185 MAE=0.4090 (214s)
[toto] ETTm2  univariate   ctx= 512 H=720 median MSE=0.3855 MAE=0.3824 (214s)
[toto] ETTm2  univariate   ctx=1024 H= 96 mean   MSE=0.1609 MAE=0.2424 (192s)
[toto] ETTm2  univariate   ctx=1024 H= 96 median MSE=0.1702 MAE=0.2322 (192s)
[toto] ETTm2  univariate   ctx=1024 H=192 mean   MSE=0.2479 MAE=0.2956 (208s)
[toto] ETTm2  univariate   ctx=1024 H=192 median MSE=0.2417 MAE=0.2832 (208s)
[toto] ETTm2  univariate   ctx=1024 H=336 mean   MSE=0.2866 MAE=0.3330 (232s)
[toto] ETTm2  univariate   ctx=1024 H=336 median MSE=0.2976 MAE=0.3214 (232s)
[toto] ETTm2  univariate   ctx=1024 H=720 mean   MSE=0.3722 MAE=0.3909 (303s)
[toto] ETTm2  univariate   ctx=1024 H=720 median MSE=0.3816 MAE=0.3778 (303s)
