[toto] exchange univariate   ctx= 128 H= 96 mean   MSE=0.0842 MAE=0.2018 (2s)
[toto] exchange univariate   ctx= 128 H= 96 median MSE=0.0853 MAE=0.2032 (2s)
[toto] exchange multivariate ctx= 128 H= 96 mean   MSE=0.0852 MAE=0.2032 (2s)
[toto] exchange multivariate ctx= 128 H= 96 median MSE=0.0850 MAE=0.2033 (2s)
[toto] exchange univariate   ctx= 128 H=192 mean   MSE=0.1724 MAE=0.2936 (2s)
[toto] exchange univariate   ctx= 128 H=192 median MSE=0.1762 MAE=0.2960 (2s)
[toto] exchange multivariate ctx= 128 H=192 mean   MSE=0.1736 MAE=0.2949 (2s)
[toto] exchange multivariate ctx= 128 H=192 median MSE=0.1770 MAE=0.2973 (2s)
[toto] exchange univariate   ctx= 128 H=336 mean   MSE=0.3095 MAE=0.3985 (3s)
[toto] exchange univariate   ctx= 128 H=336 median MSE=0.3162 MAE=0.4024 (3s)
[toto] exchange multivariate ctx= 128 H=336 mean   MSE=0.2999 MAE=0.3939 (3s)
[toto] exchange multivariate ctx= 128 H=336 median MSE=0.3045 MAE=0.3964 (3s)
[toto] exchange univariate   ctx= 128 H=720 mean   MSE=0.8146 MAE=0.6784 (6s)
[toto] exchange univariate   ctx= 128 H=720 median MSE=0.8417 MAE=0.6915 (6s)
[toto] exchange multivariate ctx= 128 H=720 mean   MSE=0.8146 MAE=0.6748 (6s)
[toto] exchange multivariate ctx= 128 H=720 median MSE=0.8346 MAE=0.6852 (6s)
[toto] exchange univariate   ctx= 256 H= 96 mean   MSE=0.1583 MAE=0.2155 (2s)
[toto] exchange univariate   ctx= 256 H= 96 median MSE=0.1194 MAE=0.2144 (2s)
[toto] exchange multivariate ctx= 256 H= 96 mean   MSE=0.0910 MAE=0.2074 (2s)
[toto] exchange multivariate ctx= 256 H= 96 median MSE=0.0915 MAE=0.2079 (2s)
[toto] exchange univariate   ctx= 256 H=192 mean   MSE=0.1901 MAE=0.3079 (3s)
[toto] exchange univariate   ctx= 256 H=192 median MSE=0.1950 MAE=0.3111 (3s)
[toto] exchange multivariate ctx= 256 H=192 mean   MSE=0.1838 MAE=0.3008 (3s)
[toto] exchange multivariate ctx= 256 H=192 median MSE=0.1873 MAE=0.3029 (3s)
[toto] exchange univariate   ctx= 256 H=336 mean   MSE=0.3412 MAE=0.4168 (4s)
[toto] exchange univariate   ctx= 256 H=336 median MSE=0.3478 MAE=0.4233 (4s)
[toto] exchange multivariate ctx= 256 H=336 mean   MSE=0.3211 MAE=0.4046 (4s)
[toto] exchange multivariate ctx= 256 H=336 median MSE=0.3272 MAE=0.4076 (4s)
[toto] exchange univariate   ctx= 256 H=720 mean   MSE=0.9013 MAE=0.7149 (7s)
[toto] exchange univariate   ctx= 256 H=720 median MSE=0.9304 MAE=0.7287 (7s)
[toto] exchange multivariate ctx= 256 H=720 mean   MSE=0.8805 MAE=0.7019 (7s)
[toto] exchange multivariate ctx= 256 H=720 median MSE=0.9092 MAE=0.7134 (7s)
[toto] exchange univariate   ctx= 512 H= 96 mean   MSE=0.0949 MAE=0.2112 (4s)
[toto] exchange univariate   ctx= 512 H= 96 median MSE=0.0942 MAE=0.2108 (4s)
[toto] exchange multivariate ctx= 512 H= 96 mean   MSE=0.0893 MAE=0.2056 (4s)
[toto] exchange multivariate ctx= 512 H= 96 median MSE=0.0894 MAE=0.2054 (4s)
[toto] exchange univariate   ctx= 512 H=192 mean   MSE=0.2001 MAE=0.3142 (5s)
[toto] exchange univariate   ctx= 512 H=192 median MSE=0.2045 MAE=0.3169 (5s)
[toto] exchange multivariate ctx= 512 H=192 mean   MSE=0.1879 MAE=0.3062 (5s)
[toto] exchange multivariate ctx= 512 H=192 median MSE=0.1910 MAE=0.3080 (5s)
[toto] exchange univariate   ctx= 512 H=336 mean   MSE=0.3663 MAE=0.4361 (5s)
[toto] exchange univariate   ctx= 512 H=336 median MSE=0.3776 MAE=0.4432 (5s)
[toto] exchange multivariate ctx= 512 H=336 mean   MSE=0.3383 MAE=0.4180 (6s)
[toto] exchange multivariate ctx= 512 H=336 median MSE=0.3451 MAE=0.4224 (6s)
[toto] exchange univariate   ctx= 512 H=720 mean   MSE=0.9425 MAE=0.7288 (8s)
[toto] exchange univariate   ctx= 512 H=720 median MSE=0.9718 MAE=0.7393 (8s)
[toto] exchange multivariate ctx= 512 H=720 mean   MSE=0.9553 MAE=0.7226 (8s)
[toto] exchange multivariate ctx= 512 H=720 median MSE=0.9810 MAE=0.7335 (8s)
[toto] exchange univariate   ctx=1024 H= 96 mean   MSE=0.0947 MAE=0.2110 (7s)
[toto] exchange univariate   ctx=1024 H= 96 median MSE=0.0939 MAE=0.2111 (7s)
[toto] exchange multivariate ctx=1024 H= 96 mean   MSE=0.0879 MAE=0.2059 (7s)
[toto] exchange multivariate ctx=1024 H= 96 median MSE=0.0877 MAE=0.2052 (7s)
[toto] exchange univariate   ctx=1024 H=192 mean   MSE=0.1941 MAE=0.3107 (7s)
[toto] exchange univariate   ctx=1024 H=192 median MSE=0.1982 MAE=0.3136 (7s)
[toto] exchange multivariate ctx=1024 H=192 mean   MSE=0.1827 MAE=0.3042 (7s)
[toto] exchange multivariate ctx=1024 H=192 median MSE=0.1835 MAE=0.3044 (7s)
[toto] exchange univariate   ctx=1024 H=336 mean   MSE=0.3601 MAE=0.4345 (8s)
[toto] exchange univariate   ctx=1024 H=336 median MSE=0.3696 MAE=0.4406 (8s)
[toto] exchange multivariate ctx=1024 H=336 mean   MSE=0.3402 MAE=0.4241 (8s)
[toto] exchange multivariate ctx=1024 H=336 median MSE=0.3427 MAE=0.4259 (8s)
[toto] exchange univariate   ctx=1024 H=720 mean   MSE=0.9085 MAE=0.7190 (11s)
[toto] exchange univariate   ctx=1024 H=720 median MSE=0.9279 MAE=0.7272 (11s)
[toto] exchange multivariate ctx=1024 H=720 mean   MSE=0.9513 MAE=0.7227 (11s)
[toto] exchange multivariate ctx=1024 H=720 median MSE=0.9708 MAE=0.7301 (11s)
[toto] exchange univariate   ctx=2048 H= 96 mean   MSE=0.0901 MAE=0.2066 (13s)
[toto] exchange univariate   ctx=2048 H= 96 median MSE=0.0908 MAE=0.2073 (13s)
[toto] exchange multivariate ctx=2048 H= 96 mean   MSE=0.0826 MAE=0.1989 (13s)
[toto] exchange multivariate ctx=2048 H= 96 median MSE=0.0831 MAE=0.1992 (13s)
[toto] exchange univariate   ctx=2048 H=192 mean   MSE=0.1803 MAE=0.2999 (13s)
[toto] exchange univariate   ctx=2048 H=192 median MSE=0.1849 MAE=0.3032 (13s)
[toto] exchange multivariate ctx=2048 H=192 mean   MSE=0.1661 MAE=0.2886 (429s)
[toto] exchange multivariate ctx=2048 H=192 median MSE=0.1688 MAE=0.2904 (429s)
[toto] exchange univariate   ctx=2048 H=336 mean   MSE=0.3193 MAE=0.4075 (15s)
[toto] exchange univariate   ctx=2048 H=336 median MSE=0.3295 MAE=0.4141 (15s)
[toto] exchange multivariate ctx=2048 H=336 mean   MSE=0.2930 MAE=0.3893 (14s)
[toto] exchange multivariate ctx=2048 H=336 median MSE=0.3018 MAE=0.3947 (14s)
[toto] exchange univariate   ctx=2048 H=720 mean   MSE=0.7994 MAE=0.6780 (17s)
[toto] exchange univariate   ctx=2048 H=720 median MSE=0.8369 MAE=0.6942 (17s)
[toto] exchange multivariate ctx=2048 H=720 mean   MSE=0.8081 MAE=0.6660 (17s)
[toto] exchange multivariate ctx=2048 H=720 median MSE=0.8467 MAE=0.6814 (17s)
[toto] exchange multivariate ctx=2048 H= 96 mean   MSE=0.0835 MAE=0.1999 (1214s)
[toto] exchange multivariate ctx=2048 H= 96 median MSE=0.0838 MAE=0.2001 (1214s)
[toto] exchange multivariate ctx=2048 H=192 mean   MSE=0.1716 MAE=0.2955 (7782s)
[toto] exchange multivariate ctx=2048 H=192 median MSE=0.1741 MAE=0.2972 (7782s)
[toto] exchange multivariate ctx=2048 H=336 mean   MSE=0.3031 MAE=0.4006 (2213s)
[toto] exchange multivariate ctx=2048 H=336 median MSE=0.3094 MAE=0.4045 (2213s)
[toto] exchange multivariate ctx=2048 H=720 mean   MSE=0.7611 MAE=0.6447 (3447s)
[toto] exchange multivariate ctx=2048 H=720 median MSE=0.8021 MAE=0.6628 (3447s)
[toto] exchange univariate   ctx= 128 H= 96 mean   MSE=0.0869 MAE=0.2041 (57s)
[toto] exchange univariate   ctx= 128 H= 96 median MSE=0.0863 MAE=0.2046 (57s)
[toto] exchange univariate   ctx= 128 H=192 mean   MSE=0.1762 MAE=0.2967 (66s)
[toto] exchange univariate   ctx= 128 H=192 median MSE=0.1787 MAE=0.2984 (66s)
[toto] exchange univariate   ctx= 128 H=336 mean   MSE=0.3141 MAE=0.4024 (91s)
[toto] exchange univariate   ctx= 128 H=336 median MSE=0.3196 MAE=0.4055 (91s)
[toto] exchange univariate   ctx= 128 H=720 mean   MSE=0.8342 MAE=0.6851 (177s)
[toto] exchange univariate   ctx= 128 H=720 median MSE=0.8544 MAE=0.6958 (177s)
[toto] exchange univariate   ctx= 256 H= 96 mean   MSE=0.1183 MAE=0.2180 (70s)
[toto] exchange univariate   ctx= 256 H= 96 median MSE=0.1005 MAE=0.2160 (70s)
[toto] exchange univariate   ctx= 256 H=192 mean   MSE=0.1917 MAE=0.3097 (84s)
[toto] exchange univariate   ctx= 256 H=192 median MSE=0.1958 MAE=0.3123 (84s)
[toto] exchange univariate   ctx= 256 H=336 mean   MSE=0.3373 MAE=0.4172 (110s)
[toto] exchange univariate   ctx= 256 H=336 median MSE=0.3442 MAE=0.4215 (110s)
[toto] exchange univariate   ctx= 256 H=720 mean   MSE=0.8980 MAE=0.7125 (190s)
[toto] exchange univariate   ctx= 256 H=720 median MSE=0.9199 MAE=0.7234 (190s)
[toto] exchange univariate   ctx= 512 H= 96 mean   MSE=0.0964 MAE=0.2124 (112s)
[toto] exchange univariate   ctx= 512 H= 96 median MSE=0.0941 MAE=0.2111 (112s)
[toto] exchange univariate   ctx= 512 H=192 mean   MSE=0.1967 MAE=0.3147 (140s)
[toto] exchange univariate   ctx= 512 H=192 median MSE=0.1998 MAE=0.3163 (140s)
[toto] exchange univariate   ctx= 512 H=336 mean   MSE=0.3490 MAE=0.4286 (178s)
[toto] exchange univariate   ctx= 512 H=336 median MSE=0.3571 MAE=0.4331 (178s)
[toto] exchange univariate   ctx= 512 H=720 mean   MSE=0.8690 MAE=0.7006 (247s)
[toto] exchange univariate   ctx= 512 H=720 median MSE=0.8974 MAE=0.7112 (247s)
[toto] exchange univariate   ctx=1024 H= 96 mean   MSE=0.0905 MAE=0.2094 (212s)
[toto] exchange univariate   ctx=1024 H= 96 median MSE=0.0898 MAE=0.2092 (212s)
[toto] exchange univariate   ctx=1024 H=192 mean   MSE=0.1863 MAE=0.3079 (229s)
[toto] exchange univariate   ctx=1024 H=192 median MSE=0.1895 MAE=0.3099 (229s)
[toto] exchange univariate   ctx=1024 H=336 mean   MSE=0.3399 MAE=0.4255 (261s)
[toto] exchange univariate   ctx=1024 H=336 median MSE=0.3477 MAE=0.4301 (261s)
[toto] exchange univariate   ctx=1024 H=720 mean   MSE=0.8427 MAE=0.6977 (335s)
[toto] exchange univariate   ctx=1024 H=720 median MSE=0.8621 MAE=0.7053 (335s)
[toto] exchange univariate   ctx=2048 H= 96 mean   MSE=0.0856 MAE=0.2027 (410s)
[toto] exchange univariate   ctx=2048 H= 96 median MSE=0.0866 MAE=0.2036 (410s)
[toto] exchange univariate   ctx=2048 H=192 mean   MSE=0.1762 MAE=0.2987 (424s)
[toto] exchange univariate   ctx=2048 H=192 median MSE=0.1801 MAE=0.3011 (424s)
[toto] exchange univariate   ctx=2048 H=336 mean   MSE=0.3113 MAE=0.4042 (533s)
[toto] exchange univariate   ctx=2048 H=336 median MSE=0.3205 MAE=0.4092 (533s)
[toto] exchange univariate   ctx=2048 H=720 mean   MSE=0.7811 MAE=0.6674 (542s)
[toto] exchange univariate   ctx=2048 H=720 median MSE=0.8065 MAE=0.6772 (542s)
[toto] exchange multivariate ctx= 128 H= 96 mean   MSE=0.0883 MAE=0.2050 (55s)
[toto] exchange multivariate ctx= 128 H= 96 median MSE=0.0872 MAE=0.2047 (55s)
[toto] exchange multivariate ctx= 128 H=192 mean   MSE=0.1764 MAE=0.2950 (67s)
[toto] exchange multivariate ctx= 128 H=192 median MSE=0.1772 MAE=0.2957 (67s)
[toto] exchange multivariate ctx= 128 H=336 mean   MSE=0.3079 MAE=0.3988 (114s)
[toto] exchange multivariate ctx= 128 H=336 median MSE=0.3089 MAE=0.3989 (114s)
[toto] exchange multivariate ctx= 128 H=720 mean   MSE=0.8319 MAE=0.6813 (207s)
[toto] exchange multivariate ctx= 128 H=720 median MSE=0.8332 MAE=0.6841 (207s)
[toto] exchange multivariate ctx=2048 H= 96 mean   MSE=0.0830 MAE=0.1995 (427s)
[toto] exchange multivariate ctx=2048 H= 96 median MSE=0.0835 MAE=0.1998 (427s)
[toto] exchange multivariate ctx=2048 H=192 mean   MSE=0.1721 MAE=0.2952 (2119s)
[toto] exchange multivariate ctx=2048 H=192 median MSE=0.1747 MAE=0.2973 (2119s)
[toto] exchange multivariate ctx=2048 H=336 mean   MSE=0.3038 MAE=0.3998 (462s)
[toto] exchange multivariate ctx=2048 H=336 median MSE=0.3112 MAE=0.4046 (462s)
[toto] exchange multivariate ctx=2048 H=720 mean   MSE=0.7806 MAE=0.6563 (538s)
[toto] exchange multivariate ctx=2048 H=720 median MSE=0.8127 MAE=0.6705 (538s)
[toto] exchange univariate   ctx= 128 H= 96 mean   MSE=0.0889 MAE=0.2056 (151s)
[toto] exchange univariate   ctx= 128 H= 96 median MSE=0.0878 MAE=0.2060 (151s)
[toto] exchange univariate   ctx= 128 H=192 mean   MSE=0.1788 MAE=0.2993 (183s)
[toto] exchange univariate   ctx= 128 H=192 median MSE=0.1821 MAE=0.3012 (183s)
[toto] exchange univariate   ctx= 128 H=336 mean   MSE=0.3169 MAE=0.4047 (257s)
[toto] exchange univariate   ctx= 128 H=336 median MSE=0.3232 MAE=0.4080 (257s)
[toto] exchange univariate   ctx= 128 H=720 mean   MSE=0.8281 MAE=0.6825 (448s)
[toto] exchange univariate   ctx= 128 H=720 median MSE=0.8498 MAE=0.6937 (448s)
[toto] exchange univariate   ctx= 256 H= 96 mean   MSE=0.1289 MAE=0.2216 (209s)
[toto] exchange univariate   ctx= 256 H= 96 median MSE=0.1112 MAE=0.2208 (209s)
[toto] exchange univariate   ctx= 256 H=192 mean   MSE=0.1993 MAE=0.3155 (272s)
[toto] exchange univariate   ctx= 256 H=192 median MSE=0.2039 MAE=0.3187 (272s)
[toto] exchange univariate   ctx= 256 H=336 mean   MSE=0.3459 MAE=0.4237 (328s)
[toto] exchange univariate   ctx= 256 H=336 median MSE=0.3542 MAE=0.4285 (328s)
[toto] exchange univariate   ctx= 256 H=720 mean   MSE=0.8884 MAE=0.7109 (546s)
[toto] exchange univariate   ctx= 256 H=720 median MSE=0.9124 MAE=0.7224 (546s)
[toto] exchange univariate   ctx= 512 H= 96 mean   MSE=0.1046 MAE=0.2150 (958s)
[toto] exchange univariate   ctx= 512 H= 96 median MSE=0.0975 MAE=0.2133 (958s)
[toto] exchange univariate   ctx= 512 H=192 mean   MSE=0.2031 MAE=0.3188 (2416s)
[toto] exchange univariate   ctx= 512 H=192 median MSE=0.2067 MAE=0.3206 (2416s)
[toto] exchange univariate   ctx= 512 H=336 mean   MSE=0.3546 MAE=0.4320 (580s)
[toto] exchange univariate   ctx= 512 H=336 median MSE=0.3623 MAE=0.4356 (580s)
[toto] exchange univariate   ctx= 512 H=720 mean   MSE=0.8577 MAE=0.6984 (1705s)
[toto] exchange univariate   ctx= 512 H=720 median MSE=0.8846 MAE=0.7072 (1705s)
[toto] exchange univariate   ctx=1024 H= 96 mean   MSE=0.0918 MAE=0.2104 (1670s)
[toto] exchange univariate   ctx=1024 H= 96 median MSE=0.0914 MAE=0.2103 (1670s)
[toto] exchange univariate   ctx=1024 H=192 mean   MSE=0.1888 MAE=0.3087 (724s)
[toto] exchange univariate   ctx=1024 H=192 median MSE=0.1923 MAE=0.3105 (724s)
[toto] exchange univariate   ctx=1024 H=336 mean   MSE=0.3422 MAE=0.4267 (1902s)
[toto] exchange univariate   ctx=1024 H=336 median MSE=0.3480 MAE=0.4291 (1902s)
[toto] exchange univariate   ctx=1024 H=720 mean   MSE=0.8156 MAE=0.6865 (984s)
[toto] exchange univariate   ctx=1024 H=720 median MSE=0.8284 MAE=0.6900 (984s)
[toto] exchange univariate   ctx=2048 H= 96 mean   MSE=0.0867 MAE=0.2040 (1318s)
[toto] exchange univariate   ctx=2048 H= 96 median MSE=0.0878 MAE=0.2048 (1318s)
[toto] exchange univariate   ctx=2048 H=192 mean   MSE=0.1772 MAE=0.2993 (2276s)
[toto] exchange univariate   ctx=2048 H=192 median MSE=0.1815 MAE=0.3016 (2276s)
[toto] exchange univariate   ctx=2048 H=336 mean   MSE=0.3125 MAE=0.4068 (1415s)
[toto] exchange univariate   ctx=2048 H=336 median MSE=0.3205 MAE=0.4099 (1415s)
[toto] exchange univariate   ctx=2048 H=720 mean   MSE=0.7741 MAE=0.6651 (1908s)
[toto] exchange univariate   ctx=2048 H=720 median MSE=0.7935 MAE=0.6715 (1908s)
[toto] exchange multivariate ctx= 128 H= 96 mean   MSE=0.0909 MAE=0.2085 (164s)
[toto] exchange multivariate ctx= 128 H= 96 median MSE=0.0894 MAE=0.2075 (164s)
[toto] exchange multivariate ctx= 128 H=192 mean   MSE=0.1791 MAE=0.2989 (206s)
[toto] exchange multivariate ctx= 128 H=192 median MSE=0.1805 MAE=0.2997 (206s)
[toto] exchange multivariate ctx= 128 H=336 mean   MSE=0.3071 MAE=0.3998 (1312s)
[toto] exchange multivariate ctx= 128 H=336 median MSE=0.3070 MAE=0.3987 (1312s)
[toto] exchange multivariate ctx= 128 H=720 mean   MSE=0.8209 MAE=0.6767 (518s)
[toto] exchange multivariate ctx= 128 H=720 median MSE=0.8243 MAE=0.6805 (518s)
