[gh24] exchange sgs=4 start 08-07 10:35
[sc] exchange: S=8 n_train=5311 n_test=1517 gh=24 sgs sweep=[4]

[sc] ===== sgs=4 =====
Valid Lookbacks: [32, 40, 50, 64, 80, 101, 128, 161, 203, 256, 322, 406, 512, 645, 812, 1024, 1290]

[Series Group: [0..3]]
  > H=[1-24]: L=86, α=1.00e+04, scaler=local, norm=mean, aug=freq(0.001). Val=0.0356, Time=3.75s
  > H=[25-48]: L=47, α=1.00e+04, scaler=local, norm=mean, aug=none. Val=0.1036, Time=3.22s
  > H=[49-72]: L=47, α=1.00e+04, scaler=local, norm=mean, aug=freq(0.003). Val=0.1723, Time=3.03s
  > H=[73-96]: L=34, α=1.00e+04, scaler=local, norm=mean, aug=freq(0.069). Val=0.2490, Time=3.00s
  > H=[97-120]: L=34, α=1.00e+04, scaler=local, norm=mean, aug=freq(0.069). Val=0.3297, Time=2.97s
  > H=[121-144]: L=34, α=1.00e+04, scaler=local, norm=mean, aug=freq(0.069). Val=0.4114, Time=3.01s
  > H=[145-168]: L=50, α=1.00e+04, scaler=local, norm=mean, aug=none. Val=0.4844, Time=2.92s
  > H=[169-192]: L=47, α=1.00e+04, scaler=local, norm=mean, aug=freq(0.003). Val=0.5508, Time=2.87s
  > H=[193-216]: L=34, α=1.00e+04, scaler=local, norm=mean, aug=freq(0.069). Val=0.6111, Time=2.85s
  > H=[217-240]: L=34, α=1.00e+04, scaler=local, norm=mean, aug=freq(0.069). Val=0.6723, Time=2.84s
  > H=[241-264]: L=34, α=1.00e+04, scaler=local, norm=mean, aug=freq(0.069). Val=0.7252, Time=2.78s
  > H=[265-288]: L=34, α=1.00e+04, scaler=local, norm=mean, aug=freq(0.069). Val=0.7576, Time=2.81s
  > H=[289-312]: L=34, α=1.00e+04, scaler=local, norm=mean, aug=freq(0.069). Val=0.7827, Time=2.72s
  > H=[313-336]: L=34, α=1.00e+04, scaler=local, norm=mean, aug=freq(0.069). Val=0.8053, Time=2.70s
  > H=[337-360]: L=34, α=1.00e+04, scaler=local, norm=mean, aug=freq(0.069). Val=0.8241, Time=2.67s
  > H=[361-384]: L=34, α=1.00e+04, scaler=local, norm=mean, aug=freq(0.069). Val=0.8464, Time=2.64s
  > H=[385-408]: L=34, α=1.00e+04, scaler=local, norm=mean, aug=freq(0.069). Val=0.8737, Time=2.61s
  > H=[409-432]: L=34, α=1.00e+04, scaler=local, norm=mean, aug=freq(0.069). Val=0.9097, Time=2.58s
  > H=[433-456]: L=34, α=1.00e+04, scaler=local, norm=mean, aug=freq(0.069). Val=0.9487, Time=2.55s
  > H=[457-480]: L=34, α=1.00e+04, scaler=local, norm=mean, aug=freq(0.069). Val=0.9911, Time=2.55s
  > H=[481-504]: L=34, α=1.00e+04, scaler=local, norm=mean, aug=freq(0.069). Val=1.0460, Time=2.40s
  > H=[505-528]: L=34, α=1.00e+04, scaler=local, norm=mean, aug=freq(0.069). Val=1.1058, Time=2.26s
  > H=[529-552]: L=34, α=1.00e+04, scaler=local, norm=mean, aug=freq(0.069). Val=1.1728, Time=2.28s
  > H=[553-576]: L=34, α=1.00e+04, scaler=local, norm=mean, aug=freq(0.069). Val=1.2402, Time=2.25s
  > H=[577-600]: L=34, α=1.00e+04, scaler=local, norm=mean, aug=freq(0.069). Val=1.2993, Time=2.23s
  > H=[601-624]: L=34, α=1.00e+04, scaler=local, norm=mean, aug=freq(0.069). Val=1.3513, Time=2.20s
  > H=[625-648]: L=34, α=1.00e+04, scaler=local, norm=mean, aug=freq(0.069). Val=1.3996, Time=2.18s
  > H=[649-672]: L=34, α=1.00e+04, scaler=local, norm=mean, aug=freq(0.069). Val=1.4524, Time=2.15s
  > H=[673-696]: L=34, α=1.00e+04, scaler=local, norm=mean, aug=freq(0.069). Val=1.4931, Time=2.12s
  > H=[697-720]: L=34, α=1.00e+04, scaler=local, norm=mean, aug=freq(0.069). Val=1.5399, Time=2.10s

[Series Group: [4..OT]]
  > H=[1-24]: L=101, α=1.00e+04, scaler=local, norm=mean, aug=none. Val=0.0250, Time=3.09s
  > H=[25-48]: L=35, α=1.00e+04, scaler=local, norm=mean, aug=none. Val=0.0712, Time=2.81s
  > H=[49-72]: L=105, α=1.00e+04, scaler=local, norm=mean, aug=none. Val=0.1182, Time=2.81s
  > H=[73-96]: L=97, α=1.00e+04, scaler=local, norm=mean, aug=none. Val=0.1677, Time=2.80s
  > H=[97-120]: L=35, α=1.00e+04, scaler=local, norm=mean, aug=none. Val=0.2129, Time=2.81s
  > H=[121-144]: L=50, α=1.00e+04, scaler=local, norm=mean, aug=none. Val=0.2594, Time=2.97s
  > H=[145-168]: L=47, α=1.00e+04, scaler=local, norm=mean, aug=freq(0.003). Val=0.3049, Time=2.90s
  > H=[169-192]: L=34, α=1.00e+04, scaler=local, norm=mean, aug=freq(0.069). Val=0.3524, Time=2.94s
  > H=[193-216]: L=34, α=1.00e+04, scaler=local, norm=mean, aug=freq(0.069). Val=0.4033, Time=2.91s
  > H=[217-240]: L=34, α=1.00e+04, scaler=local, norm=mean, aug=freq(0.069). Val=0.4577, Time=2.86s
  > H=[241-264]: L=34, α=1.00e+04, scaler=local, norm=mean, aug=freq(0.069). Val=0.5075, Time=2.87s
  > H=[265-288]: L=34, α=1.00e+04, scaler=local, norm=mean, aug=freq(0.069). Val=0.5496, Time=2.85s
  > H=[289-312]: L=34, α=1.00e+04, scaler=local, norm=mean, aug=freq(0.069). Val=0.5884, Time=2.75s
  > H=[313-336]: L=34, α=1.00e+04, scaler=local, norm=mean, aug=freq(0.069). Val=0.6297, Time=2.75s
  > H=[337-360]: L=34, α=1.00e+04, scaler=local, norm=mean, aug=freq(0.069). Val=0.6685, Time=2.72s
  > H=[361-384]: L=55, α=1.00e+04, scaler=local, norm=mean, aug=none. Val=0.7109, Time=2.83s
  > H=[385-408]: L=55, α=1.00e+04, scaler=local, norm=mean, aug=none. Val=0.7561, Time=2.58s
  > H=[409-432]: L=47, α=1.00e+04, scaler=local, norm=mean, aug=freq(0.003). Val=0.8009, Time=2.56s
  > H=[433-456]: L=34, α=1.00e+04, scaler=local, norm=mean, aug=freq(0.069). Val=0.8461, Time=2.55s
  > H=[457-480]: L=34, α=1.00e+04, scaler=local, norm=mean, aug=freq(0.069). Val=0.8894, Time=2.58s
  > H=[481-504]: L=34, α=1.00e+04, scaler=local, norm=mean, aug=freq(0.069). Val=0.9412, Time=2.42s
  > H=[505-528]: L=34, α=1.00e+04, scaler=local, norm=mean, aug=freq(0.069). Val=0.9904, Time=2.37s
  > H=[529-552]: L=34, α=1.00e+04, scaler=local, norm=mean, aug=freq(0.069). Val=1.0394, Time=2.31s
  > H=[553-576]: L=34, α=1.00e+04, scaler=local, norm=mean, aug=freq(0.069). Val=1.0824, Time=2.30s
  > H=[577-600]: L=34, α=1.00e+04, scaler=local, norm=mean, aug=freq(0.069). Val=1.1119, Time=2.26s
  > H=[601-624]: L=34, α=1.00e+04, scaler=local, norm=mean, aug=freq(0.069). Val=1.1455, Time=2.22s
  > H=[625-648]: L=34, α=1.00e+04, scaler=local, norm=mean, aug=freq(0.069). Val=1.1885, Time=2.23s
  > H=[649-672]: L=34, α=1.00e+04, scaler=local, norm=mean, aug=freq(0.069). Val=1.2339, Time=2.33s
  > H=[673-696]: L=34, α=1.00e+04, scaler=local, norm=mean, aug=freq(0.069). Val=1.2811, Time=2.15s
  > H=[697-720]: L=34, α=1.00e+04, scaler=local, norm=mean, aug=freq(0.069). Val=1.3338, Time=2.21s

[Timing Summary]
  Total searches: 60
  Average search time: 2.63s
  Total time: 159.00s (2.7min)
[sc] sgs=4 H=96: full=0.0813 M64=0.0786 M96=0.0807
[sc] sgs=4 H=192: full=0.1672 M64=0.1711 M96=0.1703
[sc] sgs=4 H=336: full=0.3054 M64=0.3208 M96=0.3072
[sc] sgs=4 H=720: full=0.8105 M64=0.8120 M96=0.8074
[sc] sgs=4 MEAN full MSE=0.3411  (159s)

[sc] TEST SELECTION: best sgs=4 (lowest mean TEST MSE=0.3411)
[sc] per-sgs mean test MSE: sgs4=0.3411
[sc] saved results_substack/searchcast_exchange.json
[gh24] exchange done 08-07 10:38
[gh24] ETTh1 sgs=7 start 08-07 10:38
[sc] ETTh1: S=7 n_train=8640 n_test=2880 gh=24 sgs sweep=[7]

[sc] ===== sgs=7 =====
Valid Lookbacks: [32, 40, 50, 64, 80, 101, 128, 161, 203, 256, 322, 406, 512, 645, 812, 1024, 1290, 1625, 2048]

[Series Group: [HUFL..OT]]
  > H=[1-24]: L=476, α=3.16e+03, scaler=local, norm=mean, aug=freq(0.025). Val=0.3165, Time=41.69s
  > H=[25-48]: L=518, α=1.00e+04, scaler=local, norm=mean, aug=freq(0.035). Val=0.4314, Time=33.59s
  > H=[49-72]: L=483, α=3.16e+03, scaler=local, norm=mean, aug=freq(0.147). Val=0.5093, Time=28.63s
  > H=[73-96]: L=467, α=1.00e+04, scaler=local, norm=mean, aug=time(0.137). Val=0.5564, Time=28.66s
  > H=[97-120]: L=483, α=1.00e+04, scaler=local, norm=mean, aug=freq(0.147). Val=0.6076, Time=30.33s
  > H=[121-144]: L=483, α=1.00e+04, scaler=local, norm=mean, aug=freq(0.147). Val=0.6516, Time=28.99s
  > H=[145-168]: L=467, α=1.00e+04, scaler=local, norm=mean, aug=time(0.137). Val=0.6942, Time=29.16s
  > H=[169-192]: L=417, α=1.00e+04, scaler=local, norm=mean, aug=time(0.001). Val=0.7365, Time=22.75s
  > H=[193-216]: L=347, α=1.00e+04, scaler=local, norm=mean, aug=time(0.012). Val=0.7686, Time=22.42s
  > H=[217-240]: L=301, α=1.00e+04, scaler=local, norm=mean, aug=none. Val=0.7927, Time=21.88s
  > H=[241-264]: L=293, α=3.16e+03, scaler=local, norm=mean, aug=none. Val=0.8118, Time=26.40s
  > H=[265-288]: L=278, α=3.16e+03, scaler=local, norm=mean, aug=time(0.034). Val=0.8315, Time=27.78s
  > H=[289-312]: L=278, α=3.16e+03, scaler=local, norm=mean, aug=time(0.034). Val=0.8569, Time=23.85s
  > H=[313-336]: L=347, α=1.00e+04, scaler=local, norm=mean, aug=time(0.012). Val=0.8815, Time=23.05s
  > H=[337-360]: L=483, α=1.00e+04, scaler=local, norm=mean, aug=freq(0.147). Val=0.8977, Time=24.04s
  > H=[361-384]: L=483, α=1.00e+04, scaler=local, norm=mean, aug=freq(0.147). Val=0.9149, Time=23.63s
  > H=[385-408]: L=467, α=1.00e+04, scaler=local, norm=mean, aug=time(0.137). Val=0.9329, Time=23.60s
  > H=[409-432]: L=483, α=1.00e+04, scaler=local, norm=mean, aug=freq(0.147). Val=0.9493, Time=23.37s
  > H=[433-456]: L=467, α=1.00e+04, scaler=local, norm=mean, aug=time(0.137). Val=0.9645, Time=23.75s
  > H=[457-480]: L=518, α=1.00e+04, scaler=local, norm=mean, aug=freq(0.035). Val=0.9761, Time=24.58s
  > H=[481-504]: L=370, α=1.00e+04, scaler=local, norm=mean, aug=freq(0.015). Val=0.9749, Time=25.57s
  > H=[505-528]: L=370, α=1.00e+04, scaler=local, norm=mean, aug=freq(0.015). Val=0.9908, Time=21.50s
  > H=[529-552]: L=518, α=1.00e+04, scaler=local, norm=mean, aug=freq(0.035). Val=1.0136, Time=23.91s
  > H=[553-576]: L=518, α=1.00e+04, scaler=local, norm=mean, aug=freq(0.035). Val=1.0260, Time=32.13s
  > H=[577-600]: L=518, α=1.00e+04, scaler=local, norm=mean, aug=freq(0.035). Val=1.0363, Time=184.79s
  > H=[601-624]: L=518, α=1.00e+04, scaler=local, norm=mean, aug=freq(0.035). Val=1.0425, Time=279.15s
  > H=[625-648]: L=518, α=1.00e+04, scaler=local, norm=mean, aug=freq(0.035). Val=1.0471, Time=31.77s
  > H=[649-672]: L=518, α=1.00e+04, scaler=local, norm=mean, aug=freq(0.035). Val=1.0524, Time=276.36s
  > H=[673-696]: L=518, α=1.00e+04, scaler=local, norm=mean, aug=freq(0.035). Val=1.0608, Time=22.50s
  > H=[697-720]: L=483, α=1.00e+04, scaler=local, norm=mean, aug=freq(0.147). Val=1.0714, Time=103.24s

[Timing Summary]
  Total searches: 30
  Average search time: 51.10s
  Total time: 1547.29s (25.8min)
[sc] sgs=7 H=96: full=0.3646 M64=0.3689 M96=0.3667
[sc] sgs=7 H=192: full=0.3987 M64=0.3988 M96=0.4005
[sc] sgs=7 H=336: full=0.4253 M64=0.4269 M96=0.4229
[sc] sgs=7 H=720: full=0.4258 M64=0.4290 M96=0.4279
[sc] sgs=7 MEAN full MSE=0.4036  (1548s)

[sc] TEST SELECTION: best sgs=7 (lowest mean TEST MSE=0.4036)
[sc] per-sgs mean test MSE: sgs7=0.4036
[sc] saved results_substack/searchcast_ETTh1.json
[gh24] ETTh1 done 08-07 11:04
[gh24] ETTh2 sgs=7 start 08-07 11:04
[sc] ETTh2: S=7 n_train=8640 n_test=2880 gh=24 sgs sweep=[7]

[sc] ===== sgs=7 =====
Valid Lookbacks: [32, 40, 50, 64, 80, 101, 128, 161, 203, 256, 322, 406, 512, 645, 812, 1024, 1290, 1625, 2048]

[Series Group: [HUFL..OT]]
  > H=[1-24]: L=518, α=3.16e+03, scaler=local, norm=mean, aug=freq(0.035). Val=0.2125, Time=36.70s
  > H=[25-48]: L=518, α=3.16e+03, scaler=local, norm=mean, aug=freq(0.035). Val=0.3815, Time=25.18s
  > H=[49-72]: L=518, α=1.00e+04, scaler=local, norm=mean, aug=freq(0.035). Val=0.4914, Time=25.25s
  > H=[73-96]: L=483, α=1.00e+04, scaler=local, norm=mean, aug=freq(0.147). Val=0.5424, Time=26.16s
  > H=[97-120]: L=483, α=3.16e+03, scaler=local, norm=mean, aug=freq(0.147). Val=0.5821, Time=26.00s
  > H=[121-144]: L=483, α=3.16e+03, scaler=local, norm=mean, aug=freq(0.147). Val=0.6164, Time=24.77s
  > H=[145-168]: L=483, α=3.16e+03, scaler=local, norm=mean, aug=freq(0.147). Val=0.6526, Time=24.64s
  > H=[169-192]: L=483, α=3.16e+03, scaler=local, norm=mean, aug=freq(0.147). Val=0.6880, Time=24.64s
  > H=[193-216]: L=483, α=3.16e+03, scaler=local, norm=mean, aug=freq(0.147). Val=0.7169, Time=24.49s
  > H=[217-240]: L=455, α=3.16e+03, scaler=local, norm=mean, aug=none. Val=0.7532, Time=22.88s
  > H=[241-264]: L=311, α=3.16e+03, scaler=local, norm=mean, aug=none. Val=0.7957, Time=22.79s
  > H=[265-288]: L=278, α=1.00e+03, scaler=local, norm=mean, aug=time(0.034). Val=0.8285, Time=17.06s
  > H=[289-312]: L=311, α=3.16e+03, scaler=local, norm=mean, aug=none. Val=0.8653, Time=13.54s
  > H=[313-336]: L=311, α=3.16e+03, scaler=local, norm=mean, aug=none. Val=0.9008, Time=13.43s
  > H=[337-360]: L=278, α=1.00e+03, scaler=local, norm=mean, aug=time(0.034). Val=0.9304, Time=15.13s
  > H=[361-384]: L=311, α=3.16e+03, scaler=local, norm=mean, aug=none. Val=0.9628, Time=13.48s
  > H=[385-408]: L=311, α=3.16e+03, scaler=local, norm=mean, aug=none. Val=0.9974, Time=20.46s
  > H=[409-432]: L=287, α=3.16e+03, scaler=local, norm=mean, aug=none. Val=1.0312, Time=14.35s
  > H=[433-456]: L=278, α=1.00e+03, scaler=local, norm=mean, aug=time(0.034). Val=1.0676, Time=16.30s
  > H=[457-480]: L=278, α=1.00e+03, scaler=local, norm=mean, aug=time(0.034). Val=1.1066, Time=15.53s
  > H=[481-504]: L=216, α=3.16e+03, scaler=local, norm=mean, aug=time(0.355). Val=1.1462, Time=15.65s
  > H=[505-528]: L=203, α=3.16e+03, scaler=local, norm=mean, aug=time(0.058). Val=1.1895, Time=15.64s
  > H=[529-552]: L=200, α=1.00e-01, scaler=local, norm=mean, aug=time(0.001). Val=1.2352, Time=16.52s
  > H=[553-576]: L=534, α=3.16e+03, scaler=local, norm=mean, aug=time(0.008). Val=1.2819, Time=22.79s
  > H=[577-600]: L=483, α=1.00e+03, scaler=local, norm=mean, aug=freq(0.147). Val=1.3170, Time=22.52s
  > H=[601-624]: L=483, α=1.00e+03, scaler=local, norm=mean, aug=freq(0.147). Val=1.3528, Time=22.24s
  > H=[625-648]: L=483, α=1.00e+03, scaler=local, norm=mean, aug=freq(0.147). Val=1.3895, Time=22.27s
  > H=[649-672]: L=467, α=3.16e+03, scaler=local, norm=mean, aug=time(0.137). Val=1.4197, Time=22.09s
  > H=[673-696]: L=483, α=1.00e+03, scaler=local, norm=mean, aug=freq(0.147). Val=1.4561, Time=22.13s
  > H=[697-720]: L=466, α=1.00e-01, scaler=local, norm=mean, aug=time(0.002). Val=1.4798, Time=18.93s

[Timing Summary]
  Total searches: 30
  Average search time: 20.79s
  Total time: 633.90s (10.6min)
[sc] sgs=7 H=96: full=0.2677 M64=0.2543 M96=0.2742
[sc] sgs=7 H=192: full=0.3280 M64=0.3260 M96=0.3322
[sc] sgs=7 H=336: full=0.3528 M64=0.3593 M96=0.3553
[sc] sgs=7 H=720: full=0.3823 M64=0.3859 M96=0.3837
[sc] sgs=7 MEAN full MSE=0.3327  (634s)

[sc] TEST SELECTION: best sgs=7 (lowest mean TEST MSE=0.3327)
[sc] per-sgs mean test MSE: sgs7=0.3327
[sc] saved results_substack/searchcast_ETTh2.json
[gh24] ETTh2 done 08-07 11:14
[gh24] ETTm2 sgs=7 start 08-07 11:14
[sc] ETTm2: S=7 n_train=34560 n_test=11520 gh=24 sgs sweep=[7]

[sc] ===== sgs=7 =====
Valid Lookbacks: [32, 40, 50, 64, 80, 101, 128, 161, 203, 256, 322, 406, 512, 645, 812, 1024, 1290, 1625, 2048]

[Series Group: [HUFL..OT]]
  > H=[1-24]: L=2018, α=1.00e+04, scaler=local, norm=mean, aug=freq(0.002). Val=0.0989, Time=630.75s
  > H=[25-48]: L=2018, α=1.00e+04, scaler=local, norm=mean, aug=freq(0.002). Val=0.1888, Time=687.79s
  > H=[49-72]: L=2042, α=1.00e+04, scaler=local, norm=mean, aug=freq(0.002). Val=0.2479, Time=663.50s
  > H=[73-96]: L=840, α=3.16e+03, scaler=local, norm=mean, aug=freq(0.001). Val=0.2859, Time=1673.41s
  > H=[97-120]: L=2042, α=1.00e+04, scaler=local, norm=mean, aug=freq(0.002). Val=0.3275, Time=317.65s
  > H=[121-144]: L=2042, α=1.00e+04, scaler=local, norm=mean, aug=freq(0.002). Val=0.3648, Time=312.07s
  > H=[145-168]: L=2042, α=1.00e+04, scaler=local, norm=mean, aug=freq(0.002). Val=0.3961, Time=305.13s
  > H=[169-192]: L=2042, α=1.00e+04, scaler=local, norm=mean, aug=freq(0.002). Val=0.4245, Time=302.82s
  > H=[193-216]: L=2018, α=1.00e+04, scaler=local, norm=mean, aug=freq(0.002). Val=0.4570, Time=309.58s
  > H=[217-240]: L=2018, α=1.00e+04, scaler=local, norm=mean, aug=freq(0.002). Val=0.4847, Time=305.76s
  > H=[241-264]: L=2018, α=1.00e+04, scaler=local, norm=mean, aug=freq(0.002). Val=0.5027, Time=305.40s
  > H=[265-288]: L=2018, α=1.00e+04, scaler=local, norm=mean, aug=freq(0.002). Val=0.5153, Time=314.57s
  > H=[289-312]: L=1862, α=1.00e+04, scaler=local, norm=mean, aug=freq(0.009). Val=0.5282, Time=307.51s
  > H=[313-336]: L=1862, α=1.00e+04, scaler=local, norm=mean, aug=freq(0.009). Val=0.5389, Time=290.53s
  > H=[337-360]: L=1862, α=1.00e+04, scaler=local, norm=mean, aug=freq(0.009). Val=0.5467, Time=1205.31s
  > H=[361-384]: L=1862, α=1.00e+04, scaler=local, norm=mean, aug=freq(0.009). Val=0.5541, Time=305.27s
  > H=[385-408]: L=1862, α=1.00e+04, scaler=local, norm=mean, aug=freq(0.009). Val=0.5650, Time=292.75s
  > H=[409-432]: L=1862, α=1.00e+04, scaler=local, norm=mean, aug=freq(0.009). Val=0.5767, Time=288.18s
  > H=[433-456]: L=1862, α=1.00e+04, scaler=local, norm=mean, aug=freq(0.009). Val=0.5861, Time=307.95s
  > H=[457-480]: L=1862, α=1.00e+04, scaler=local, norm=mean, aug=freq(0.009). Val=0.5928, Time=308.22s
  > H=[481-504]: L=1862, α=3.16e+03, scaler=local, norm=mean, aug=freq(0.009). Val=0.6010, Time=300.92s
  > H=[505-528]: L=1862, α=3.16e+03, scaler=local, norm=mean, aug=freq(0.009). Val=0.6106, Time=288.20s
  > H=[529-552]: L=1920, α=1.00e+04, scaler=local, norm=mean, aug=none. Val=0.6203, Time=330.47s
  > H=[553-576]: L=1625, α=1.00e+04, scaler=local, norm=mean, aug=freq(0.003). Val=0.6313, Time=315.20s
  > H=[577-600]: L=1625, α=3.16e+02, scaler=local, norm=mean, aug=freq(0.003). Val=0.6407, Time=319.57s
  > H=[601-624]: L=1625, α=3.16e+02, scaler=local, norm=mean, aug=freq(0.003). Val=0.6494, Time=322.64s
  > H=[625-648]: L=1625, α=3.16e+02, scaler=local, norm=mean, aug=freq(0.003). Val=0.6567, Time=318.12s
  > H=[649-672]: L=1625, α=3.16e+02, scaler=local, norm=mean, aug=freq(0.003). Val=0.6632, Time=1303.81s
  > H=[673-696]: L=1625, α=3.16e+02, scaler=local, norm=mean, aug=freq(0.003). Val=0.6724, Time=318.24s
  > H=[697-720]: L=1625, α=3.16e+02, scaler=local, norm=mean, aug=freq(0.003). Val=0.6826, Time=2160.62s

[Timing Summary]
  Total searches: 30
  Average search time: 513.73s
  Total time: 16129.99s (268.8min)
[sc] sgs=7 H=96: full=0.1598 M64=0.1516 M96=0.1517
[sc] sgs=7 H=192: full=0.2104 M64=0.2267 M96=0.2135
[sc] sgs=7 H=336: full=0.2551 M64=0.2393 M96=0.2436
[sc] sgs=7 H=720: full=0.3233 M64=0.3228 M96=0.3196
[sc] sgs=7 MEAN full MSE=0.2371  (16133s)

[sc] TEST SELECTION: best sgs=7 (lowest mean TEST MSE=0.2371)
[sc] per-sgs mean test MSE: sgs7=0.2371
[sc] saved results_substack/searchcast_ETTm2.json
[gh24] ETTm2 done 08-07 15:43
[gh24] weather sgs=1 start 08-07 15:43
[sc] weather: S=21 n_train=36887 n_test=10539 gh=24 sgs sweep=[1]

[sc] ===== sgs=1 =====
Valid Lookbacks: [32, 40, 50, 64, 80, 101, 128, 161, 203, 256, 322, 406, 512, 645, 812, 1024, 1290, 1625, 2048]

[Series Group: p (mbar)]
  > H=[1-24]: L=1658, α=3.16e+02, scaler=local, norm=mean, aug=freq(0.003). Val=0.0033, Time=43.75s
  > H=[25-48]: L=1658, α=1.00e+02, scaler=local, norm=mean, aug=freq(0.003). Val=0.0216, Time=42.14s
  > H=[49-72]: L=975, α=1.00e+00, scaler=local, norm=mean, aug=freq(0.010). Val=0.0577, Time=42.40s
  > H=[73-96]: L=975, α=1.00e+00, scaler=local, norm=mean, aug=freq(0.010). Val=0.1071, Time=43.52s
  > H=[97-120]: L=895, α=1.00e+00, scaler=local, norm=mean, aug=freq(0.014). Val=0.1634, Time=32.70s
  > H=[121-144]: L=1019, α=1.00e+02, scaler=local, norm=mean, aug=freq(0.001). Val=0.2146, Time=23.80s
  > H=[145-168]: L=1019, α=3.16e+01, scaler=local, norm=mean, aug=freq(0.001). Val=0.2720, Time=20.59s
  > H=[169-192]: L=1019, α=3.16e+01, scaler=local, norm=mean, aug=freq(0.001). Val=0.3321, Time=20.44s
  > H=[193-216]: L=1019, α=3.16e+01, scaler=local, norm=mean, aug=freq(0.001). Val=0.3899, Time=23.37s
  > H=[217-240]: L=935, α=1.00e-01, scaler=local, norm=mean, aug=freq(0.009). Val=0.4462, Time=28.34s
  > H=[241-264]: L=935, α=3.16e-01, scaler=local, norm=mean, aug=freq(0.009). Val=0.4959, Time=28.58s
  > H=[265-288]: L=1010, α=3.16e+00, scaler=local, norm=mean, aug=time(0.001). Val=0.5367, Time=21.43s
  > H=[289-312]: L=1010, α=3.16e+00, scaler=local, norm=mean, aug=time(0.001). Val=0.5777, Time=21.30s
  > H=[313-336]: L=1010, α=1.00e+01, scaler=local, norm=mean, aug=time(0.001). Val=0.6177, Time=21.22s
  > H=[337-360]: L=1010, α=1.00e+01, scaler=local, norm=mean, aug=time(0.001). Val=0.6532, Time=20.98s
  > H=[361-384]: L=1010, α=1.00e+01, scaler=local, norm=mean, aug=time(0.001). Val=0.6835, Time=21.00s
  > H=[385-408]: L=1010, α=3.16e+01, scaler=local, norm=mean, aug=time(0.001). Val=0.7099, Time=21.05s
  > H=[409-432]: L=1010, α=3.16e+01, scaler=local, norm=mean, aug=time(0.001). Val=0.7336, Time=20.92s
  > H=[433-456]: L=963, α=1.00e+02, scaler=local, norm=mean, aug=time(0.011). Val=0.7561, Time=20.99s
  > H=[457-480]: L=963, α=1.00e+02, scaler=local, norm=mean, aug=time(0.011). Val=0.7786, Time=21.64s
  > H=[481-504]: L=1010, α=3.16e+01, scaler=local, norm=mean, aug=time(0.001). Val=0.7998, Time=20.26s
  > H=[505-528]: L=1010, α=3.16e+01, scaler=local, norm=mean, aug=time(0.001). Val=0.8178, Time=20.98s
  > H=[529-552]: L=1010, α=3.16e+01, scaler=local, norm=mean, aug=time(0.001). Val=0.8337, Time=21.19s
  > H=[553-576]: L=1010, α=1.00e+02, scaler=local, norm=mean, aug=time(0.001). Val=0.8469, Time=20.98s
  > H=[577-600]: L=1010, α=1.00e+02, scaler=local, norm=mean, aug=time(0.001). Val=0.8604, Time=20.94s
  > H=[601-624]: L=963, α=1.00e+02, scaler=local, norm=mean, aug=time(0.011). Val=0.8769, Time=20.86s
  > H=[625-648]: L=963, α=1.00e+02, scaler=local, norm=mean, aug=time(0.011). Val=0.8951, Time=21.42s
  > H=[649-672]: L=963, α=3.16e+02, scaler=local, norm=mean, aug=time(0.011). Val=0.9140, Time=21.41s
  > H=[673-696]: L=936, α=1.00e+02, scaler=local, norm=mean, aug=freq(0.008). Val=0.9328, Time=21.49s
  > H=[697-720]: L=936, α=3.16e+02, scaler=local, norm=mean, aug=freq(0.008). Val=0.9498, Time=22.51s

[Series Group: T (degC)]
  > H=[1-24]: L=870, α=3.16e-01, scaler=local, norm=mean, aug=freq(0.010). Val=0.0315, Time=27.17s
  > H=[25-48]: L=599, α=3.16e-01, scaler=local, norm=mean, aug=none. Val=0.1105, Time=26.73s
  > H=[49-72]: L=543, α=1.00e+00, scaler=local, norm=mean, aug=freq(0.025). Val=0.1641, Time=28.42s
  > H=[73-96]: L=823, α=1.00e+03, scaler=local, norm=mean, aug=freq(0.009). Val=0.1806, Time=33.43s
  > H=[97-120]: L=640, α=3.16e+02, scaler=local, norm=mean, aug=freq(0.011). Val=0.1805, Time=18.83s
  > H=[121-144]: L=751, α=1.00e+04, scaler=local, norm=mean, aug=freq(0.012). Val=0.1850, Time=21.38s
  > H=[145-168]: L=600, α=3.16e-01, scaler=local, norm=mean, aug=none. Val=0.2094, Time=27.64s
  > H=[169-192]: L=827, α=3.16e+03, scaler=local, norm=mean, aug=freq(0.012). Val=0.2443, Time=27.25s
  > H=[193-216]: L=827, α=3.16e+03, scaler=local, norm=mean, aug=freq(0.012). Val=0.2658, Time=27.30s
  > H=[217-240]: L=1179, α=1.00e+04, scaler=local, norm=mean, aug=none. Val=0.2676, Time=28.23s
  > H=[241-264]: L=1218, α=1.00e+04, scaler=local, norm=mean, aug=freq(0.016). Val=0.2708, Time=22.42s
  > H=[265-288]: L=1211, α=1.00e+04, scaler=local, norm=mean, aug=freq(0.010). Val=0.2730, Time=25.99s
  > H=[289-312]: L=1211, α=1.00e+04, scaler=local, norm=mean, aug=freq(0.003). Val=0.2791, Time=23.09s
  > H=[313-336]: L=864, α=3.16e+03, scaler=local, norm=mean, aug=freq(0.014). Val=0.2920, Time=27.63s
  > H=[337-360]: L=936, α=1.00e+04, scaler=local, norm=mean, aug=freq(0.012). Val=0.2976, Time=27.29s
  > H=[361-384]: L=1179, α=1.00e+04, scaler=local, norm=mean, aug=none. Val=0.2932, Time=28.26s
  > H=[385-408]: L=985, α=1.00e+04, scaler=local, norm=mean, aug=time(0.001). Val=0.2920, Time=21.14s
  > H=[409-432]: L=963, α=1.00e+04, scaler=local, norm=mean, aug=freq(0.011). Val=0.2917, Time=26.23s
  > H=[433-456]: L=936, α=1.00e+04, scaler=local, norm=mean, aug=freq(0.008). Val=0.2950, Time=22.76s
  > H=[457-480]: L=936, α=1.00e+04, scaler=local, norm=mean, aug=freq(0.012). Val=0.3020, Time=28.34s
  > H=[481-504]: L=936, α=1.00e+04, scaler=local, norm=mean, aug=freq(0.012). Val=0.3050, Time=28.37s
  > H=[505-528]: L=985, α=1.00e+04, scaler=local, norm=mean, aug=time(0.001). Val=0.3036, Time=20.89s
  > H=[529-552]: L=963, α=1.00e+04, scaler=local, norm=mean, aug=time(0.011). Val=0.3029, Time=20.97s
  > H=[553-576]: L=1010, α=1.00e+04, scaler=local, norm=mean, aug=time(0.001). Val=0.3027, Time=20.30s
  > H=[577-600]: L=1010, α=1.00e+04, scaler=local, norm=mean, aug=time(0.001). Val=0.3042, Time=20.90s
  > H=[601-624]: L=985, α=1.00e+04, scaler=local, norm=mean, aug=time(0.001). Val=0.3087, Time=20.88s
  > H=[625-648]: L=963, α=1.00e+04, scaler=local, norm=mean, aug=time(0.011). Val=0.3111, Time=21.52s
  > H=[649-672]: L=936, α=1.00e+04, scaler=local, norm=mean, aug=freq(0.008). Val=0.3119, Time=22.57s
  > H=[673-696]: L=924, α=1.00e+04, scaler=local, norm=mean, aug=freq(0.008). Val=0.3132, Time=22.48s
  > H=[697-720]: L=924, α=1.00e+04, scaler=local, norm=mean, aug=freq(0.008). Val=0.3155, Time=22.45s

[Series Group: Tpot (K)]
  > H=[1-24]: L=599, α=3.16e-01, scaler=local, norm=mean, aug=none. Val=0.0310, Time=27.26s
  > H=[25-48]: L=870, α=3.16e-01, scaler=local, norm=mean, aug=freq(0.010). Val=0.1111, Time=26.83s
  > H=[49-72]: L=823, α=1.00e+00, scaler=local, norm=mean, aug=freq(0.009). Val=0.1679, Time=28.75s
  > H=[73-96]: L=823, α=3.16e+03, scaler=local, norm=mean, aug=freq(0.009). Val=0.1857, Time=29.49s
  > H=[97-120]: L=640, α=3.16e+02, scaler=local, norm=mean, aug=freq(0.011). Val=0.1859, Time=18.55s
  > H=[121-144]: L=770, α=1.00e+01, scaler=local, norm=mean, aug=freq(0.001). Val=0.1901, Time=23.67s
  > H=[145-168]: L=827, α=1.00e+04, scaler=local, norm=mean, aug=freq(0.012). Val=0.2142, Time=27.16s
  > H=[169-192]: L=827, α=3.16e+03, scaler=local, norm=mean, aug=freq(0.012). Val=0.2512, Time=27.26s
  > H=[193-216]: L=827, α=3.16e+03, scaler=local, norm=mean, aug=freq(0.012). Val=0.2748, Time=27.24s
  > H=[217-240]: L=1179, α=1.00e+04, scaler=local, norm=mean, aug=none. Val=0.2723, Time=28.35s
  > H=[241-264]: L=1242, α=1.00e+04, scaler=local, norm=mean, aug=time(0.001). Val=0.2738, Time=20.97s
  > H=[265-288]: L=1242, α=1.00e+04, scaler=local, norm=mean, aug=freq(0.017). Val=0.2751, Time=28.94s
  > H=[289-312]: L=1010, α=1.00e+04, scaler=local, norm=mean, aug=time(0.001). Val=0.2808, Time=23.21s
  > H=[313-336]: L=1179, α=1.00e+04, scaler=local, norm=mean, aug=none. Val=0.2881, Time=28.20s
  > H=[337-360]: L=1179, α=1.00e+04, scaler=local, norm=mean, aug=none. Val=0.2931, Time=28.22s
  > H=[361-384]: L=1179, α=1.00e+04, scaler=local, norm=mean, aug=none. Val=0.2936, Time=28.41s
  > H=[385-408]: L=985, α=1.00e+04, scaler=local, norm=mean, aug=time(0.001). Val=0.2929, Time=21.10s
  > H=[409-432]: L=1010, α=1.00e+04, scaler=local, norm=mean, aug=freq(0.009). Val=0.2921, Time=26.75s
  > H=[433-456]: L=1010, α=1.00e+04, scaler=local, norm=mean, aug=time(0.001). Val=0.2945, Time=21.24s
  > H=[457-480]: L=936, α=1.00e+04, scaler=local, norm=mean, aug=freq(0.012). Val=0.3018, Time=28.07s
  > H=[481-504]: L=936, α=1.00e+04, scaler=local, norm=mean, aug=freq(0.012). Val=0.3042, Time=28.24s
  > H=[505-528]: L=985, α=1.00e+04, scaler=local, norm=mean, aug=time(0.001). Val=0.3021, Time=21.07s
  > H=[529-552]: L=963, α=1.00e+04, scaler=local, norm=mean, aug=time(0.011). Val=0.3013, Time=20.54s
  > H=[553-576]: L=936, α=1.00e+04, scaler=local, norm=mean, aug=freq(0.008). Val=0.3011, Time=22.53s
  > H=[577-600]: L=1010, α=1.00e+04, scaler=local, norm=mean, aug=time(0.001). Val=0.3018, Time=21.06s
  > H=[601-624]: L=985, α=1.00e+04, scaler=local, norm=mean, aug=time(0.001). Val=0.3066, Time=20.81s
  > H=[625-648]: L=963, α=1.00e+04, scaler=local, norm=mean, aug=time(0.011). Val=0.3096, Time=21.54s
  > H=[649-672]: L=936, α=1.00e+04, scaler=local, norm=mean, aug=freq(0.008). Val=0.3109, Time=22.43s
  > H=[673-696]: L=924, α=1.00e+04, scaler=local, norm=mean, aug=freq(0.008). Val=0.3125, Time=22.45s
  > H=[697-720]: L=924, α=1.00e+04, scaler=local, norm=mean, aug=freq(0.008). Val=0.3150, Time=22.38s

[Series Group: Tdew (degC)]
  > H=[1-24]: L=311, α=1.00e+00, scaler=local, norm=mean, aug=none. Val=0.0306, Time=11.02s
  > H=[25-48]: L=1599, α=1.00e+04, scaler=local, norm=mean, aug=none. Val=0.0946, Time=18.62s
  > H=[49-72]: L=919, α=1.00e+04, scaler=local, norm=mean, aug=freq(0.007). Val=0.1506, Time=44.55s
  > H=[73-96]: L=972, α=1.00e+04, scaler=local, norm=mean, aug=freq(0.001). Val=0.1930, Time=25.83s
  > H=[97-120]: L=928, α=1.00e+04, scaler=local, norm=mean, aug=freq(0.007). Val=0.2253, Time=40.03s
  > H=[121-144]: L=928, α=1.00e+04, scaler=local, norm=mean, aug=freq(0.007). Val=0.2505, Time=41.81s
  > H=[145-168]: L=928, α=1.00e+04, scaler=local, norm=mean, aug=freq(0.007). Val=0.2793, Time=39.59s
  > H=[169-192]: L=836, α=1.00e+04, scaler=local, norm=mean, aug=freq(0.011). Val=0.3066, Time=40.82s
  > H=[193-216]: L=865, α=1.00e+04, scaler=local, norm=mean, aug=freq(0.010). Val=0.3277, Time=45.50s
  > H=[217-240]: L=1135, α=1.00e+04, scaler=local, norm=mean, aug=freq(0.007). Val=0.3446, Time=46.23s
  > H=[241-264]: L=1135, α=1.00e+04, scaler=local, norm=mean, aug=freq(0.007). Val=0.3570, Time=41.95s
  > H=[265-288]: L=1135, α=1.00e+04, scaler=local, norm=mean, aug=freq(0.007). Val=0.3672, Time=43.08s
  > H=[289-312]: L=1135, α=1.00e+04, scaler=local, norm=mean, aug=freq(0.007). Val=0.3773, Time=46.31s
  > H=[313-336]: L=1135, α=1.00e+04, scaler=local, norm=mean, aug=freq(0.007). Val=0.3851, Time=44.34s
  > H=[337-360]: L=1212, α=1.00e+04, scaler=local, norm=mean, aug=none. Val=0.3916, Time=30.36s
  > H=[361-384]: L=1179, α=1.00e+04, scaler=local, norm=mean, aug=none. Val=0.3969, Time=28.23s
  > H=[385-408]: L=1179, α=1.00e+04, scaler=local, norm=mean, aug=none. Val=0.4026, Time=29.04s
  > H=[409-432]: L=1179, α=1.00e+04, scaler=local, norm=mean, aug=none. Val=0.4072, Time=28.38s
  > H=[433-456]: L=1010, α=1.00e+04, scaler=local, norm=mean, aug=time(0.001). Val=0.4132, Time=23.50s
  > H=[457-480]: L=1010, α=1.00e+04, scaler=local, norm=mean, aug=time(0.001). Val=0.4187, Time=21.00s
  > H=[481-504]: L=1010, α=1.00e+04, scaler=local, norm=mean, aug=time(0.001). Val=0.4227, Time=21.04s
  > H=[505-528]: L=1010, α=1.00e+04, scaler=local, norm=mean, aug=time(0.001). Val=0.4258, Time=20.96s
  > H=[529-552]: L=1010, α=1.00e+04, scaler=local, norm=mean, aug=time(0.001). Val=0.4285, Time=21.76s
  > H=[553-576]: L=1010, α=1.00e+04, scaler=local, norm=mean, aug=time(0.001). Val=0.4310, Time=21.01s
  > H=[577-600]: L=1010, α=1.00e+04, scaler=local, norm=mean, aug=time(0.001). Val=0.4338, Time=21.06s
  > H=[601-624]: L=1010, α=1.00e+04, scaler=local, norm=mean, aug=time(0.001). Val=0.4368, Time=20.98s
  > H=[625-648]: L=963, α=1.00e+04, scaler=local, norm=mean, aug=time(0.011). Val=0.4384, Time=21.35s
  > H=[649-672]: L=936, α=1.00e+04, scaler=local, norm=mean, aug=freq(0.008). Val=0.4400, Time=22.43s
  > H=[673-696]: L=924, α=1.00e+04, scaler=local, norm=mean, aug=freq(0.008). Val=0.4415, Time=22.68s
  > H=[697-720]: L=924, α=1.00e+04, scaler=local, norm=mean, aug=freq(0.008). Val=0.4421, Time=22.09s

[Series Group: rh (%)]
  > H=[1-24]: L=1658, α=1.00e+04, scaler=local, norm=mean, aug=freq(0.003). Val=0.1409, Time=45.65s
  > H=[25-48]: L=1658, α=1.00e+04, scaler=local, norm=mean, aug=freq(0.003). Val=0.3929, Time=46.39s
  > H=[49-72]: L=1658, α=1.00e+04, scaler=local, norm=mean, aug=freq(0.003). Val=0.5217, Time=47.04s
  > H=[73-96]: L=1033, α=1.00e+04, scaler=local, norm=mean, aug=freq(0.001). Val=0.5691, Time=43.49s
  > H=[97-120]: L=970, α=1.00e+04, scaler=local, norm=mean, aug=freq(0.012). Val=0.5876, Time=42.60s
  > H=[121-144]: L=919, α=1.00e+04, scaler=local, norm=mean, aug=freq(0.007). Val=0.6058, Time=44.32s
  > H=[145-168]: L=970, α=1.00e+04, scaler=local, norm=mean, aug=freq(0.012). Val=0.6418, Time=42.31s
  > H=[169-192]: L=1244, α=1.00e+04, scaler=local, norm=mean, aug=none. Val=0.6788, Time=46.60s
  > H=[193-216]: L=928, α=1.00e+04, scaler=local, norm=mean, aug=freq(0.007). Val=0.6990, Time=40.56s
  > H=[217-240]: L=928, α=1.00e+04, scaler=local, norm=mean, aug=freq(0.007). Val=0.7056, Time=923.39s
  > H=[241-264]: L=928, α=1.00e+04, scaler=local, norm=mean, aug=freq(0.007). Val=0.7116, Time=666.77s
  > H=[265-288]: L=1135, α=1.00e+04, scaler=local, norm=mean, aug=freq(0.007). Val=0.7158, Time=42.29s
  > H=[289-312]: L=1135, α=1.00e+04, scaler=local, norm=mean, aug=freq(0.007). Val=0.7204, Time=40.15s
  > H=[313-336]: L=1135, α=1.00e+04, scaler=local, norm=mean, aug=freq(0.007). Val=0.7279, Time=44.03s
  > H=[337-360]: L=1135, α=1.00e+04, scaler=local, norm=mean, aug=freq(0.007). Val=0.7326, Time=44.38s
  > H=[361-384]: L=1135, α=1.00e+04, scaler=local, norm=mean, aug=freq(0.007). Val=0.7361, Time=44.44s
  > H=[385-408]: L=1135, α=1.00e+04, scaler=local, norm=mean, aug=freq(0.007). Val=0.7386, Time=45.69s
  > H=[409-432]: L=1135, α=1.00e+04, scaler=local, norm=mean, aug=freq(0.007). Val=0.7392, Time=45.39s
  > H=[433-456]: L=1135, α=1.00e+04, scaler=local, norm=mean, aug=freq(0.007). Val=0.7430, Time=41.55s
  > H=[457-480]: L=1135, α=1.00e+04, scaler=local, norm=mean, aug=freq(0.007). Val=0.7532, Time=44.66s
  > H=[481-504]: L=1135, α=1.00e+04, scaler=local, norm=mean, aug=freq(0.007). Val=0.7585, Time=41.47s
  > H=[505-528]: L=1135, α=1.00e+04, scaler=local, norm=mean, aug=freq(0.007). Val=0.7621, Time=44.30s
  > H=[529-552]: L=1135, α=1.00e+04, scaler=local, norm=mean, aug=freq(0.008). Val=0.7653, Time=44.49s
  > H=[553-576]: L=980, α=1.00e+04, scaler=local, norm=mean, aug=freq(0.001). Val=0.7719, Time=38.17s
  > H=[577-600]: L=980, α=1.00e+04, scaler=local, norm=mean, aug=freq(0.001). Val=0.7753, Time=337.71s
  > H=[601-624]: L=980, α=1.00e+04, scaler=local, norm=mean, aug=freq(0.001). Val=0.7840, Time=40.66s
  > H=[625-648]: L=980, α=1.00e+04, scaler=local, norm=mean, aug=freq(0.001). Val=0.7887, Time=39.43s
  > H=[649-672]: L=980, α=1.00e+04, scaler=local, norm=mean, aug=freq(0.001). Val=0.7889, Time=41.17s
  > H=[673-696]: L=957, α=1.00e+04, scaler=local, norm=mean, aug=freq(0.008). Val=0.7899, Time=40.14s
  > H=[697-720]: L=980, α=1.00e+04, scaler=local, norm=mean, aug=time(0.005). Val=0.7889, Time=28.85s

[Series Group: VPmax (mbar)]
  > H=[1-24]: L=631, α=1.00e-01, scaler=local, norm=mean, aug=freq(0.012). Val=0.0491, Time=18.23s
  > H=[25-48]: L=541, α=1.00e-01, scaler=local, norm=mean, aug=freq(0.022). Val=0.1684, Time=30.01s
  > H=[49-72]: L=526, α=3.16e+02, scaler=local, norm=mean, aug=freq(0.007). Val=0.2421, Time=19.16s
  > H=[73-96]: L=518, α=3.16e+02, scaler=local, norm=mean, aug=freq(0.035). Val=0.2620, Time=19.48s
  > H=[97-120]: L=518, α=3.16e+02, scaler=local, norm=mean, aug=freq(0.035). Val=0.2593, Time=17.29s
  > H=[121-144]: L=518, α=3.16e+02, scaler=local, norm=mean, aug=freq(0.035). Val=0.2632, Time=20.43s
  > H=[145-168]: L=526, α=1.00e+03, scaler=local, norm=mean, aug=freq(0.007). Val=0.2945, Time=18.89s
  > H=[169-192]: L=544, α=1.00e+03, scaler=local, norm=mean, aug=freq(0.013). Val=0.3412, Time=26.13s
  > H=[193-216]: L=518, α=1.00e+03, scaler=local, norm=mean, aug=freq(0.035). Val=0.3674, Time=25.50s
  > H=[217-240]: L=518, α=1.00e+03, scaler=local, norm=mean, aug=freq(0.035). Val=0.3725, Time=27.71s
  > H=[241-264]: L=963, α=1.00e+04, scaler=local, norm=mean, aug=freq(0.011). Val=0.3640, Time=29.40s
  > H=[265-288]: L=963, α=1.00e+04, scaler=local, norm=mean, aug=freq(0.011). Val=0.3623, Time=26.58s
  > H=[289-312]: L=927, α=1.00e+04, scaler=local, norm=mean, aug=time(0.007). Val=0.3694, Time=27.14s
  > H=[313-336]: L=975, α=1.00e+04, scaler=local, norm=mean, aug=freq(0.009). Val=0.3806, Time=42.12s
  > H=[337-360]: L=975, α=1.00e+04, scaler=local, norm=mean, aug=freq(0.009). Val=0.3832, Time=39.09s
  > H=[361-384]: L=975, α=1.00e+04, scaler=local, norm=mean, aug=freq(0.009). Val=0.3809, Time=41.23s
  > H=[385-408]: L=974, α=1.00e+04, scaler=local, norm=mean, aug=time(0.009). Val=0.3781, Time=981.74s
  > H=[409-432]: L=896, α=1.00e+04, scaler=local, norm=mean, aug=none. Val=0.3780, Time=16.24s
  > H=[433-456]: L=888, α=1.00e+04, scaler=local, norm=mean, aug=none. Val=0.3809, Time=16.28s
  > H=[457-480]: L=928, α=1.00e+04, scaler=local, norm=mean, aug=freq(0.007). Val=0.3863, Time=1103.18s
  > H=[481-504]: L=836, α=1.00e+04, scaler=local, norm=mean, aug=freq(0.011). Val=0.3880, Time=1104.40s
  > H=[505-528]: L=986, α=1.00e+04, scaler=local, norm=mean, aug=freq(0.013). Val=0.3871, Time=28.69s
  > H=[529-552]: L=911, α=1.00e+04, scaler=local, norm=mean, aug=freq(0.009). Val=0.3856, Time=27.62s
  > H=[553-576]: L=1211, α=1.00e+04, scaler=local, norm=mean, aug=freq(0.003). Val=0.3854, Time=22.43s
  > H=[577-600]: L=936, α=1.00e+04, scaler=local, norm=mean, aug=freq(0.008). Val=0.3882, Time=26.59s
  > H=[601-624]: L=827, α=1.00e+04, scaler=local, norm=mean, aug=freq(0.012). Val=0.3962, Time=29.11s
  > H=[625-648]: L=936, α=1.00e+04, scaler=local, norm=mean, aug=freq(0.012). Val=0.4017, Time=27.07s
  > H=[649-672]: L=1211, α=1.00e+04, scaler=local, norm=mean, aug=freq(0.003). Val=0.3987, Time=22.51s
  > H=[673-696]: L=1211, α=1.00e+04, scaler=local, norm=mean, aug=freq(0.003). Val=0.3995, Time=22.48s
  > H=[697-720]: L=1210, α=1.00e+04, scaler=local, norm=mean, aug=freq(0.001). Val=0.4010, Time=22.62s

[Series Group: VPact (mbar)]
  > H=[1-24]: L=1019, α=1.00e+03, scaler=local, norm=mean, aug=freq(0.001). Val=0.0387, Time=23.75s
  > H=[25-48]: L=1658, α=1.00e+04, scaler=local, norm=mean, aug=freq(0.003). Val=0.1173, Time=48.13s
  > H=[49-72]: L=618, α=1.00e+04, scaler=local, norm=mean, aug=freq(0.001). Val=0.1831, Time=42.47s
  > H=[73-96]: L=823, α=1.00e+04, scaler=local, norm=mean, aug=freq(0.009). Val=0.2355, Time=26.55s
  > H=[97-120]: L=919, α=1.00e+04, scaler=local, norm=mean, aug=freq(0.007). Val=0.2725, Time=42.00s
  > H=[121-144]: L=928, α=1.00e+04, scaler=local, norm=mean, aug=freq(0.007). Val=0.3022, Time=41.37s
  > H=[145-168]: L=928, α=1.00e+04, scaler=local, norm=mean, aug=freq(0.007). Val=0.3338, Time=41.21s
  > H=[169-192]: L=836, α=1.00e+04, scaler=local, norm=mean, aug=freq(0.011). Val=0.3632, Time=40.06s
  > H=[193-216]: L=836, α=1.00e+04, scaler=local, norm=mean, aug=freq(0.011). Val=0.3846, Time=42.06s
  > H=[217-240]: L=928, α=1.00e+04, scaler=local, norm=mean, aug=freq(0.007). Val=0.4015, Time=41.50s
  > H=[241-264]: L=928, α=1.00e+04, scaler=local, norm=mean, aug=freq(0.007). Val=0.4157, Time=41.01s
  > H=[265-288]: L=928, α=1.00e+04, scaler=local, norm=mean, aug=freq(0.007). Val=0.4290, Time=42.59s
  > H=[289-312]: L=836, α=1.00e+04, scaler=local, norm=mean, aug=freq(0.011). Val=0.4429, Time=41.49s
  > H=[313-336]: L=865, α=1.00e+04, scaler=local, norm=mean, aug=freq(0.010). Val=0.4518, Time=42.90s
  > H=[337-360]: L=865, α=1.00e+04, scaler=local, norm=mean, aug=freq(0.010). Val=0.4596, Time=43.46s
  > H=[361-384]: L=797, α=1.00e+04, scaler=local, norm=mean, aug=freq(0.009). Val=0.4671, Time=40.73s
  > H=[385-408]: L=827, α=1.00e+04, scaler=local, norm=mean, aug=freq(0.012). Val=0.4737, Time=27.12s
  > H=[409-432]: L=827, α=1.00e+04, scaler=local, norm=mean, aug=freq(0.012). Val=0.4791, Time=27.36s
  > H=[433-456]: L=827, α=1.00e+04, scaler=local, norm=mean, aug=freq(0.012). Val=0.4859, Time=27.24s
  > H=[457-480]: L=1179, α=1.00e+04, scaler=local, norm=mean, aug=none. Val=0.4880, Time=27.50s
  > H=[481-504]: L=1242, α=1.00e+04, scaler=local, norm=mean, aug=time(0.001). Val=0.4916, Time=23.35s
  > H=[505-528]: L=1010, α=1.00e+04, scaler=local, norm=mean, aug=time(0.001). Val=0.4951, Time=20.94s
  > H=[529-552]: L=1010, α=1.00e+04, scaler=local, norm=mean, aug=time(0.001). Val=0.4979, Time=20.93s
  > H=[553-576]: L=1010, α=1.00e+04, scaler=local, norm=mean, aug=time(0.001). Val=0.5009, Time=20.94s
  > H=[577-600]: L=1010, α=1.00e+04, scaler=local, norm=mean, aug=time(0.001). Val=0.5048, Time=20.98s
  > H=[601-624]: L=1010, α=1.00e+04, scaler=local, norm=mean, aug=time(0.001). Val=0.5094, Time=20.93s
  > H=[625-648]: L=963, α=1.00e+04, scaler=local, norm=mean, aug=time(0.011). Val=0.5117, Time=20.89s
  > H=[649-672]: L=936, α=1.00e+04, scaler=local, norm=mean, aug=freq(0.008). Val=0.5139, Time=21.34s
  > H=[673-696]: L=936, α=1.00e+04, scaler=local, norm=mean, aug=freq(0.008). Val=0.5158, Time=22.36s
  > H=[697-720]: L=924, α=1.00e+04, scaler=local, norm=mean, aug=freq(0.008). Val=0.5174, Time=25.57s

[Series Group: VPdef (mbar)]
  > H=[1-24]: L=684, α=3.16e-01, scaler=local, norm=mean, aug=freq(0.008). Val=0.1263, Time=24.11s
  > H=[25-48]: L=614, α=1.00e-01, scaler=local, norm=mean, aug=freq(0.014). Val=0.3804, Time=21.80s
  > H=[49-72]: L=518, α=1.00e+03, scaler=local, norm=mean, aug=freq(0.035). Val=0.5066, Time=19.87s
  > H=[73-96]: L=518, α=1.00e+03, scaler=local, norm=mean, aug=freq(0.035). Val=0.5336, Time=19.28s
  > H=[97-120]: L=483, α=3.16e+01, scaler=local, norm=mean, aug=freq(0.147). Val=0.5316, Time=16.13s
  > H=[121-144]: L=518, α=3.16e+03, scaler=local, norm=mean, aug=freq(0.035). Val=0.5389, Time=21.77s
  > H=[145-168]: L=518, α=3.16e+03, scaler=local, norm=mean, aug=freq(0.035). Val=0.5794, Time=19.79s
  > H=[169-192]: L=541, α=1.00e+02, scaler=local, norm=mean, aug=freq(0.022). Val=0.6255, Time=27.42s
  > H=[193-216]: L=518, α=1.00e+03, scaler=local, norm=mean, aug=freq(0.035). Val=0.6436, Time=26.49s
  > H=[217-240]: L=518, α=3.16e+03, scaler=local, norm=mean, aug=freq(0.035). Val=0.6450, Time=25.33s
  > H=[241-264]: L=936, α=1.00e+04, scaler=local, norm=mean, aug=freq(0.004). Val=0.6391, Time=26.58s
  > H=[265-288]: L=924, α=1.00e+04, scaler=local, norm=mean, aug=freq(0.008). Val=0.6377, Time=26.31s
  > H=[289-312]: L=928, α=1.00e+04, scaler=local, norm=mean, aug=freq(0.010). Val=0.6440, Time=42.46s
  > H=[313-336]: L=1135, α=1.00e+04, scaler=local, norm=mean, aug=freq(0.007). Val=0.6480, Time=41.51s
  > H=[337-360]: L=1135, α=1.00e+04, scaler=local, norm=mean, aug=freq(0.007). Val=0.6478, Time=46.01s
  > H=[361-384]: L=1070, α=1.00e+04, scaler=local, norm=mean, aug=freq(0.012). Val=0.6479, Time=45.97s
  > H=[385-408]: L=1069, α=1.00e+04, scaler=local, norm=mean, aug=time(0.012). Val=0.6472, Time=27.62s
  > H=[409-432]: L=1024, α=1.00e+04, scaler=local, norm=mean, aug=none. Val=0.6465, Time=18.14s
  > H=[433-456]: L=1024, α=1.00e+04, scaler=local, norm=mean, aug=none. Val=0.6473, Time=18.15s
  > H=[457-480]: L=1033, α=1.00e+04, scaler=local, norm=mean, aug=freq(0.001). Val=0.6493, Time=45.77s
  > H=[481-504]: L=1244, α=1.00e+04, scaler=local, norm=mean, aug=none. Val=0.6500, Time=42.78s
  > H=[505-528]: L=975, α=1.00e+04, scaler=local, norm=mean, aug=freq(0.012). Val=0.6497, Time=38.56s
  > H=[529-552]: L=928, α=1.00e+04, scaler=local, norm=mean, aug=freq(0.007). Val=0.6507, Time=38.28s
  > H=[553-576]: L=928, α=1.00e+04, scaler=local, norm=mean, aug=freq(0.007). Val=0.6524, Time=40.78s
  > H=[577-600]: L=906, α=1.00e+04, scaler=local, norm=mean, aug=freq(0.010). Val=0.6594, Time=40.47s
  > H=[601-624]: L=1135, α=1.00e+04, scaler=local, norm=mean, aug=freq(0.007). Val=0.6693, Time=41.04s
  > H=[625-648]: L=1135, α=1.00e+04, scaler=local, norm=mean, aug=freq(0.007). Val=0.6757, Time=40.90s
  > H=[649-672]: L=1135, α=1.00e+04, scaler=local, norm=mean, aug=freq(0.007). Val=0.6777, Time=41.58s
  > H=[673-696]: L=872, α=1.00e+04, scaler=local, norm=mean, aug=freq(0.009). Val=0.6888, Time=28.10s
  > H=[697-720]: L=864, α=1.00e+04, scaler=local, norm=mean, aug=freq(0.014). Val=0.6893, Time=28.34s

[Series Group: sh (g/kg)]
  > H=[1-24]: L=1019, α=1.00e+03, scaler=local, norm=mean, aug=freq(0.001). Val=0.0386, Time=23.72s
  > H=[25-48]: L=1658, α=1.00e+04, scaler=local, norm=mean, aug=freq(0.003). Val=0.1173, Time=49.12s
  > H=[49-72]: L=585, α=1.00e+04, scaler=local, norm=mean, aug=freq(0.002). Val=0.1851, Time=27.55s
  > H=[73-96]: L=823, α=1.00e+04, scaler=local, norm=mean, aug=freq(0.009). Val=0.2365, Time=26.20s
  > H=[97-120]: L=919, α=1.00e+04, scaler=local, norm=mean, aug=freq(0.007). Val=0.2741, Time=42.77s
  > H=[121-144]: L=928, α=1.00e+04, scaler=local, norm=mean, aug=freq(0.007). Val=0.3044, Time=41.17s
  > H=[145-168]: L=928, α=1.00e+04, scaler=local, norm=mean, aug=freq(0.007). Val=0.3364, Time=38.97s
  > H=[169-192]: L=836, α=1.00e+04, scaler=local, norm=mean, aug=freq(0.011). Val=0.3662, Time=39.10s
  > H=[193-216]: L=836, α=1.00e+04, scaler=local, norm=mean, aug=freq(0.011). Val=0.3879, Time=41.33s
  > H=[217-240]: L=928, α=1.00e+04, scaler=local, norm=mean, aug=freq(0.007). Val=0.4049, Time=41.05s
  > H=[241-264]: L=928, α=1.00e+04, scaler=local, norm=mean, aug=freq(0.007). Val=0.4193, Time=41.37s
  > H=[265-288]: L=928, α=1.00e+04, scaler=local, norm=mean, aug=freq(0.007). Val=0.4328, Time=41.71s
  > H=[289-312]: L=836, α=1.00e+04, scaler=local, norm=mean, aug=freq(0.011). Val=0.4470, Time=41.43s
  > H=[313-336]: L=865, α=1.00e+04, scaler=local, norm=mean, aug=freq(0.010). Val=0.4559, Time=42.56s
  > H=[337-360]: L=865, α=1.00e+04, scaler=local, norm=mean, aug=freq(0.010). Val=0.4637, Time=42.75s
  > H=[361-384]: L=797, α=1.00e+04, scaler=local, norm=mean, aug=freq(0.009). Val=0.4714, Time=41.96s
  > H=[385-408]: L=827, α=1.00e+04, scaler=local, norm=mean, aug=freq(0.012). Val=0.4778, Time=29.31s
  > H=[409-432]: L=827, α=1.00e+04, scaler=local, norm=mean, aug=freq(0.012). Val=0.4833, Time=26.93s
  > H=[433-456]: L=827, α=1.00e+04, scaler=local, norm=mean, aug=freq(0.012). Val=0.4901, Time=27.55s
  > H=[457-480]: L=1179, α=1.00e+04, scaler=local, norm=mean, aug=none. Val=0.4915, Time=29.55s
  > H=[481-504]: L=1242, α=1.00e+04, scaler=local, norm=mean, aug=time(0.001). Val=0.4950, Time=24.68s
  > H=[505-528]: L=1010, α=1.00e+04, scaler=local, norm=mean, aug=time(0.001). Val=0.4987, Time=20.79s
  > H=[529-552]: L=1010, α=1.00e+04, scaler=local, norm=mean, aug=time(0.001). Val=0.5015, Time=20.97s
  > H=[553-576]: L=1010, α=1.00e+04, scaler=local, norm=mean, aug=time(0.001). Val=0.5045, Time=20.93s
  > H=[577-600]: L=1010, α=1.00e+04, scaler=local, norm=mean, aug=time(0.001). Val=0.5084, Time=21.03s
  > H=[601-624]: L=1010, α=1.00e+04, scaler=local, norm=mean, aug=time(0.001). Val=0.5130, Time=20.94s
  > H=[625-648]: L=963, α=1.00e+04, scaler=local, norm=mean, aug=time(0.011). Val=0.5154, Time=20.79s
  > H=[649-672]: L=936, α=1.00e+04, scaler=local, norm=mean, aug=freq(0.008). Val=0.5176, Time=21.32s
  > H=[673-696]: L=936, α=1.00e+04, scaler=local, norm=mean, aug=freq(0.008). Val=0.5196, Time=22.62s
  > H=[697-720]: L=1010, α=1.00e+04, scaler=local, norm=mean, aug=freq(0.012). Val=0.5208, Time=26.33s

[Series Group: H2OC (mmol/mol)]
  > H=[1-24]: L=1019, α=1.00e+03, scaler=local, norm=mean, aug=freq(0.001). Val=0.0385, Time=23.71s
  > H=[25-48]: L=1658, α=1.00e+04, scaler=local, norm=mean, aug=freq(0.003). Val=0.1170, Time=50.19s
  > H=[49-72]: L=618, α=1.00e+04, scaler=local, norm=mean, aug=freq(0.001). Val=0.1831, Time=42.46s
  > H=[73-96]: L=823, α=1.00e+04, scaler=local, norm=mean, aug=freq(0.009). Val=0.2360, Time=27.43s
  > H=[97-120]: L=919, α=1.00e+04, scaler=local, norm=mean, aug=freq(0.007). Val=0.2735, Time=41.34s
  > H=[121-144]: L=928, α=1.00e+04, scaler=local, norm=mean, aug=freq(0.007). Val=0.3037, Time=38.66s
  > H=[145-168]: L=928, α=1.00e+04, scaler=local, norm=mean, aug=freq(0.007). Val=0.3357, Time=41.14s
  > H=[169-192]: L=836, α=1.00e+04, scaler=local, norm=mean, aug=freq(0.011). Val=0.3654, Time=38.92s
  > H=[193-216]: L=836, α=1.00e+04, scaler=local, norm=mean, aug=freq(0.011). Val=0.3871, Time=40.41s
  > H=[217-240]: L=928, α=1.00e+04, scaler=local, norm=mean, aug=freq(0.007). Val=0.4041, Time=38.36s
  > H=[241-264]: L=928, α=1.00e+04, scaler=local, norm=mean, aug=freq(0.007). Val=0.4184, Time=38.86s
  > H=[265-288]: L=928, α=1.00e+04, scaler=local, norm=mean, aug=freq(0.007). Val=0.4319, Time=40.14s
  > H=[289-312]: L=836, α=1.00e+04, scaler=local, norm=mean, aug=freq(0.011). Val=0.4461, Time=40.52s
  > H=[313-336]: L=865, α=1.00e+04, scaler=local, norm=mean, aug=freq(0.010). Val=0.4549, Time=41.73s
  > H=[337-360]: L=865, α=1.00e+04, scaler=local, norm=mean, aug=freq(0.010). Val=0.4626, Time=75.36s
  > H=[361-384]: L=797, α=1.00e+04, scaler=local, norm=mean, aug=freq(0.009). Val=0.4703, Time=45.58s
  > H=[385-408]: L=827, α=1.00e+04, scaler=local, norm=mean, aug=freq(0.012). Val=0.4768, Time=29.00s
  > H=[409-432]: L=827, α=1.00e+04, scaler=local, norm=mean, aug=freq(0.012). Val=0.4822, Time=26.78s
  > H=[433-456]: L=827, α=1.00e+04, scaler=local, norm=mean, aug=freq(0.012). Val=0.4890, Time=26.77s
  > H=[457-480]: L=1179, α=1.00e+04, scaler=local, norm=mean, aug=none. Val=0.4904, Time=27.47s
  > H=[481-504]: L=1242, α=1.00e+04, scaler=local, norm=mean, aug=time(0.001). Val=0.4938, Time=39.59s
  > H=[505-528]: L=1010, α=1.00e+04, scaler=local, norm=mean, aug=time(0.001). Val=0.4975, Time=45.14s
  > H=[529-552]: L=1010, α=1.00e+04, scaler=local, norm=mean, aug=time(0.001). Val=0.5003, Time=21.41s
  > H=[553-576]: L=1010, α=1.00e+04, scaler=local, norm=mean, aug=time(0.001). Val=0.5033, Time=20.81s
  > H=[577-600]: L=1010, α=1.00e+04, scaler=local, norm=mean, aug=time(0.001). Val=0.5072, Time=20.68s
  > H=[601-624]: L=1010, α=1.00e+04, scaler=local, norm=mean, aug=time(0.001). Val=0.5118, Time=20.84s
  > H=[625-648]: L=963, α=1.00e+04, scaler=local, norm=mean, aug=time(0.011). Val=0.5141, Time=20.84s
  > H=[649-672]: L=936, α=1.00e+04, scaler=local, norm=mean, aug=freq(0.008). Val=0.5163, Time=21.46s
  > H=[673-696]: L=936, α=1.00e+04, scaler=local, norm=mean, aug=freq(0.008). Val=0.5183, Time=22.33s
  > H=[697-720]: L=1010, α=1.00e+04, scaler=local, norm=mean, aug=freq(0.012). Val=0.5194, Time=27.34s

[Series Group: rho (g/m**3)]
  > H=[1-24]: L=865, α=3.16e-01, scaler=local, norm=mean, aug=freq(0.010). Val=0.0249, Time=45.38s
  > H=[25-48]: L=1143, α=3.16e-01, scaler=local, norm=mean, aug=freq(0.006). Val=0.0962, Time=38.66s
  > H=[49-72]: L=1658, α=1.00e+04, scaler=local, norm=mean, aug=freq(0.003). Val=0.1556, Time=45.26s
  > H=[73-96]: L=1658, α=1.00e+04, scaler=local, norm=mean, aug=freq(0.003). Val=0.1809, Time=51.39s
  > H=[97-120]: L=865, α=3.16e+03, scaler=local, norm=mean, aug=freq(0.010). Val=0.1853, Time=43.20s
  > H=[121-144]: L=895, α=1.00e+04, scaler=local, norm=mean, aug=freq(0.012). Val=0.1906, Time=27.49s
  > H=[145-168]: L=827, α=1.00e+04, scaler=local, norm=mean, aug=freq(0.012). Val=0.2155, Time=30.84s
  > H=[169-192]: L=936, α=1.00e+00, scaler=local, norm=mean, aug=freq(0.012). Val=0.2577, Time=27.02s
  > H=[193-216]: L=1179, α=3.16e+00, scaler=local, norm=mean, aug=none. Val=0.2781, Time=30.62s
  > H=[217-240]: L=1179, α=1.00e+04, scaler=local, norm=mean, aug=none. Val=0.2874, Time=30.40s
  > H=[241-264]: L=1242, α=1.00e+04, scaler=local, norm=mean, aug=time(0.001). Val=0.2896, Time=23.86s
  > H=[265-288]: L=1288, α=1.00e+04, scaler=local, norm=mean, aug=time(0.003). Val=0.2908, Time=25.42s
  > H=[289-312]: L=1010, α=1.00e+04, scaler=local, norm=mean, aug=time(0.001). Val=0.2960, Time=23.60s
  > H=[313-336]: L=1179, α=1.00e+04, scaler=local, norm=mean, aug=none. Val=0.3061, Time=33.48s
  > H=[337-360]: L=1179, α=3.16e+03, scaler=local, norm=mean, aug=none. Val=0.3128, Time=29.43s
  > H=[361-384]: L=963, α=3.16e+03, scaler=local, norm=mean, aug=time(0.011). Val=0.3159, Time=23.31s
  > H=[385-408]: L=963, α=1.00e+04, scaler=local, norm=mean, aug=time(0.011). Val=0.3160, Time=24.31s
  > H=[409-432]: L=1010, α=1.00e+04, scaler=local, norm=mean, aug=time(0.001). Val=0.3144, Time=24.02s
  > H=[433-456]: L=1010, α=1.00e+04, scaler=local, norm=mean, aug=time(0.001). Val=0.3168, Time=21.95s
  > H=[457-480]: L=1010, α=1.00e+04, scaler=local, norm=mean, aug=time(0.001). Val=0.3237, Time=21.55s
  > H=[481-504]: L=963, α=1.00e+04, scaler=local, norm=mean, aug=time(0.011). Val=0.3286, Time=20.79s
  > H=[505-528]: L=963, α=1.00e+04, scaler=local, norm=mean, aug=time(0.011). Val=0.3289, Time=22.87s
  > H=[529-552]: L=936, α=1.00e+04, scaler=local, norm=mean, aug=freq(0.008). Val=0.3277, Time=22.54s
  > H=[553-576]: L=924, α=1.00e+04, scaler=local, norm=mean, aug=freq(0.008). Val=0.3268, Time=22.37s
  > H=[577-600]: L=985, α=1.00e+04, scaler=local, norm=mean, aug=time(0.001). Val=0.3278, Time=21.16s
  > H=[601-624]: L=963, α=3.16e+03, scaler=local, norm=mean, aug=time(0.011). Val=0.3324, Time=21.27s
  > H=[625-648]: L=963, α=3.16e+03, scaler=local, norm=mean, aug=time(0.011). Val=0.3378, Time=21.12s
  > H=[649-672]: L=924, α=3.16e+03, scaler=local, norm=mean, aug=freq(0.008). Val=0.3412, Time=22.06s
  > H=[673-696]: L=924, α=1.00e+04, scaler=local, norm=mean, aug=freq(0.008). Val=0.3437, Time=22.10s
  > H=[697-720]: L=834, α=1.00e+04, scaler=local, norm=mean, aug=freq(0.001). Val=0.3461, Time=25.08s

[Series Group: wv (m/s)]
  > H=[1-24]: L=1599, α=3.16e+01, scaler=local, norm=mean, aug=time(0.003). Val=0.0004, Time=25.24s
  > H=[25-48]: L=1599, α=1.00e+02, scaler=local, norm=mean, aug=none. Val=0.0007, Time=20.39s
  > H=[49-72]: L=1599, α=1.00e+03, scaler=local, norm=mean, aug=time(0.003). Val=0.0008, Time=22.82s
  > H=[73-96]: L=1658, α=3.16e-03, scaler=local, norm=mean, aug=freq(0.003). Val=0.0008, Time=51.06s
  > H=[97-120]: L=1897, α=3.16e+02, scaler=local, norm=mean, aug=none. Val=0.0007, Time=23.93s
  > H=[121-144]: L=618, α=3.16e+02, scaler=local, norm=mean, aug=freq(0.014). Val=0.0007, Time=29.06s
  > H=[145-168]: L=1625, α=3.16e+01, scaler=local, norm=mean, aug=freq(0.003). Val=0.0007, Time=46.87s
  > H=[169-192]: L=2018, α=1.00e+02, scaler=local, norm=mean, aug=freq(0.002). Val=0.0008, Time=55.63s
  > H=[193-216]: L=1658, α=3.16e+01, scaler=local, norm=mean, aug=freq(0.003). Val=0.0008, Time=47.94s
  > H=[217-240]: L=1658, α=3.16e+01, scaler=local, norm=mean, aug=freq(0.003). Val=0.0008, Time=54.50s
  > H=[241-264]: L=1405, α=1.00e+03, scaler=local, norm=mean, aug=freq(0.008). Val=0.0008, Time=51.85s
  > H=[265-288]: L=1403, α=3.16e+02, scaler=local, norm=mean, aug=time(0.002). Val=0.0008, Time=33.87s
  > H=[289-312]: L=1616, α=1.00e+02, scaler=local, norm=mean, aug=time(0.001). Val=0.0008, Time=36.12s
  > H=[313-336]: L=2018, α=1.00e+02, scaler=local, norm=mean, aug=freq(0.002). Val=0.0008, Time=53.18s
  > H=[337-360]: L=1658, α=3.16e+01, scaler=local, norm=mean, aug=freq(0.003). Val=0.0008, Time=50.11s
  > H=[361-384]: L=1658, α=3.16e+01, scaler=local, norm=mean, aug=freq(0.003). Val=0.0008, Time=51.15s
  > H=[385-408]: L=1405, α=1.00e+03, scaler=local, norm=mean, aug=freq(0.008). Val=0.0008, Time=50.18s
  > H=[409-432]: L=1244, α=1.00e+03, scaler=local, norm=mean, aug=none. Val=0.0008, Time=30.42s
  > H=[433-456]: L=1616, α=1.00e+02, scaler=local, norm=mean, aug=time(0.001). Val=0.0008, Time=32.62s
  > H=[457-480]: L=1294, α=3.16e+03, scaler=local, norm=mean, aug=none. Val=0.0008, Time=48.57s
  > H=[481-504]: L=1658, α=1.00e+02, scaler=local, norm=mean, aug=freq(0.003). Val=0.0008, Time=43.72s
  > H=[505-528]: L=1658, α=3.16e-03, scaler=local, norm=mean, aug=freq(0.003). Val=0.0008, Time=51.77s
  > H=[529-552]: L=1405, α=3.16e+02, scaler=local, norm=mean, aug=freq(0.008). Val=0.0008, Time=52.96s
  > H=[553-576]: L=1244, α=3.16e+02, scaler=local, norm=mean, aug=none. Val=0.0008, Time=29.69s
  > H=[577-600]: L=1616, α=3.16e+01, scaler=local, norm=mean, aug=time(0.001). Val=0.0008, Time=29.62s
  > H=[601-624]: L=1288, α=1.00e+03, scaler=local, norm=mean, aug=none. Val=0.0008, Time=46.42s
  > H=[625-648]: L=1135, α=1.00e+04, scaler=local, norm=mean, aug=freq(0.007). Val=0.0008, Time=43.06s
  > H=[649-672]: L=1224, α=1.00e+04, scaler=local, norm=mean, aug=freq(0.001). Val=0.0008, Time=43.83s
  > H=[673-696]: L=1405, α=3.16e+03, scaler=local, norm=mean, aug=freq(0.008). Val=0.0008, Time=52.18s
  > H=[697-720]: L=1244, α=1.00e+03, scaler=local, norm=mean, aug=none. Val=0.0008, Time=35.65s

[Series Group: max. wv (m/s)]
  > H=[1-24]: L=1033, α=1.00e+04, scaler=local, norm=mean, aug=freq(0.001). Val=0.2958, Time=52.85s
  > H=[25-48]: L=1135, α=1.00e+04, scaler=local, norm=mean, aug=freq(0.007). Val=0.4719, Time=49.10s
  > H=[49-72]: L=1135, α=1.00e+04, scaler=local, norm=mean, aug=freq(0.007). Val=0.5360, Time=47.39s
  > H=[73-96]: L=827, α=1.00e+04, scaler=local, norm=mean, aug=freq(0.012). Val=0.5508, Time=30.83s
  > H=[97-120]: L=924, α=1.00e+04, scaler=local, norm=mean, aug=freq(0.008). Val=0.5553, Time=24.61s
  > H=[121-144]: L=924, α=1.00e+04, scaler=local, norm=mean, aug=freq(0.008). Val=0.5680, Time=27.84s
  > H=[145-168]: L=715, α=1.00e+04, scaler=local, norm=mean, aug=freq(0.014). Val=0.5926, Time=28.21s
  > H=[169-192]: L=836, α=1.00e+04, scaler=local, norm=mean, aug=freq(0.011). Val=0.6151, Time=39.74s
  > H=[193-216]: L=836, α=1.00e+04, scaler=local, norm=mean, aug=freq(0.011). Val=0.6267, Time=42.60s
  > H=[217-240]: L=975, α=1.00e+04, scaler=local, norm=mean, aug=freq(0.009). Val=0.6301, Time=43.86s
  > H=[241-264]: L=975, α=1.00e+04, scaler=local, norm=mean, aug=freq(0.009). Val=0.6298, Time=47.19s
  > H=[265-288]: L=974, α=1.00e+04, scaler=local, norm=mean, aug=time(0.009). Val=0.6324, Time=27.66s
  > H=[289-312]: L=1133, α=1.00e+04, scaler=local, norm=mean, aug=time(0.006). Val=0.6387, Time=32.03s
  > H=[313-336]: L=1135, α=1.00e+04, scaler=local, norm=mean, aug=freq(0.007). Val=0.6479, Time=47.36s
  > H=[337-360]: L=1135, α=1.00e+04, scaler=local, norm=mean, aug=freq(0.007). Val=0.6489, Time=47.76s
  > H=[361-384]: L=1135, α=1.00e+04, scaler=local, norm=mean, aug=freq(0.007). Val=0.6467, Time=46.19s
  > H=[385-408]: L=1135, α=1.00e+04, scaler=local, norm=mean, aug=freq(0.007). Val=0.6475, Time=49.89s
  > H=[409-432]: L=1133, α=1.00e+04, scaler=local, norm=mean, aug=time(0.006). Val=0.6485, Time=34.22s
  > H=[433-456]: L=1133, α=1.00e+04, scaler=local, norm=mean, aug=time(0.006). Val=0.6553, Time=33.05s
  > H=[457-480]: L=993, α=1.00e+04, scaler=local, norm=mean, aug=freq(0.009). Val=0.6542, Time=48.84s
  > H=[481-504]: L=975, α=1.00e+04, scaler=local, norm=mean, aug=freq(0.009). Val=0.6506, Time=48.72s
  > H=[505-528]: L=975, α=1.00e+04, scaler=local, norm=mean, aug=freq(0.009). Val=0.6506, Time=43.13s
  > H=[529-552]: L=928, α=1.00e+04, scaler=local, norm=mean, aug=freq(0.007). Val=0.6504, Time=43.08s
  > H=[553-576]: L=975, α=1.00e+04, scaler=local, norm=mean, aug=freq(0.009). Val=0.6503, Time=43.68s
  > H=[577-600]: L=993, α=1.00e+04, scaler=local, norm=mean, aug=freq(0.009). Val=0.6479, Time=48.03s
  > H=[601-624]: L=975, α=1.00e+04, scaler=local, norm=mean, aug=freq(0.009). Val=0.6495, Time=45.87s
  > H=[625-648]: L=975, α=1.00e+04, scaler=local, norm=mean, aug=freq(0.009). Val=0.6535, Time=46.24s
  > H=[649-672]: L=928, α=1.00e+04, scaler=local, norm=mean, aug=freq(0.007). Val=0.6562, Time=51.74s
  > H=[673-696]: L=928, α=1.00e+04, scaler=local, norm=mean, aug=freq(0.007). Val=0.6568, Time=43.97s
  > H=[697-720]: L=927, α=1.00e+04, scaler=local, norm=mean, aug=time(0.007). Val=0.6582, Time=33.44s

[Series Group: wd (deg)]
  > H=[1-24]: L=278, α=1.00e+04, scaler=local, norm=mean, aug=time(0.034). Val=0.8483, Time=11.72s
  > H=[25-48]: L=278, α=1.00e+04, scaler=local, norm=mean, aug=time(0.034). Val=1.0236, Time=14.19s
  > H=[49-72]: L=518, α=1.00e+04, scaler=local, norm=mean, aug=freq(0.035). Val=1.0920, Time=18.95s
  > H=[73-96]: L=467, α=1.00e+04, scaler=local, norm=mean, aug=time(0.137). Val=1.1208, Time=18.96s
  > H=[97-120]: L=467, α=1.00e+04, scaler=local, norm=mean, aug=time(0.137). Val=1.1364, Time=16.91s
  > H=[121-144]: L=467, α=1.00e+04, scaler=local, norm=mean, aug=time(0.137). Val=1.1534, Time=16.50s
  > H=[145-168]: L=573, α=1.00e+04, scaler=local, norm=mean, aug=time(0.142). Val=1.1816, Time=16.43s
  > H=[169-192]: L=483, α=1.00e+04, scaler=local, norm=mean, aug=freq(0.147). Val=1.2035, Time=16.71s
  > H=[193-216]: L=518, α=1.00e+04, scaler=local, norm=mean, aug=freq(0.035). Val=1.2182, Time=18.84s
  > H=[217-240]: L=483, α=1.00e+04, scaler=local, norm=mean, aug=freq(0.147). Val=1.2339, Time=21.33s
  > H=[241-264]: L=467, α=1.00e+04, scaler=local, norm=mean, aug=time(0.137). Val=1.2437, Time=18.05s
  > H=[265-288]: L=1616, α=1.00e+04, scaler=local, norm=mean, aug=time(0.001). Val=1.2545, Time=38.22s
  > H=[289-312]: L=1616, α=1.00e+04, scaler=local, norm=mean, aug=time(0.001). Val=1.2604, Time=30.27s
  > H=[313-336]: L=1405, α=1.00e+04, scaler=local, norm=mean, aug=freq(0.008). Val=1.2636, Time=56.06s
  > H=[337-360]: L=1405, α=1.00e+04, scaler=local, norm=mean, aug=freq(0.008). Val=1.2669, Time=58.71s
  > H=[361-384]: L=1658, α=1.00e+04, scaler=local, norm=mean, aug=time(0.003). Val=1.2688, Time=36.13s
  > H=[385-408]: L=1658, α=1.00e+04, scaler=local, norm=mean, aug=time(0.003). Val=1.2740, Time=33.79s
  > H=[409-432]: L=1469, α=1.00e+04, scaler=local, norm=mean, aug=none. Val=1.2784, Time=18.40s
  > H=[433-456]: L=1599, α=1.00e+04, scaler=local, norm=mean, aug=time(0.003). Val=1.2831, Time=32.22s
  > H=[457-480]: L=1399, α=1.00e+04, scaler=local, norm=mean, aug=time(0.008). Val=1.2904, Time=31.18s
  > H=[481-504]: L=1469, α=1.00e+04, scaler=local, norm=mean, aug=none. Val=1.2920, Time=19.74s
  > H=[505-528]: L=1469, α=1.00e+04, scaler=local, norm=mean, aug=none. Val=1.2955, Time=19.27s
  > H=[529-552]: L=1469, α=1.00e+04, scaler=local, norm=mean, aug=none. Val=1.2951, Time=18.05s
  > H=[553-576]: L=1469, α=1.00e+04, scaler=local, norm=mean, aug=none. Val=1.2956, Time=19.16s
  > H=[577-600]: L=1469, α=1.00e+04, scaler=local, norm=mean, aug=none. Val=1.3029, Time=24.35s
  > H=[601-624]: L=1231, α=1.00e+04, scaler=local, norm=mean, aug=freq(0.007). Val=1.3128, Time=46.69s
  > H=[625-648]: L=1231, α=1.00e+04, scaler=local, norm=mean, aug=freq(0.007). Val=1.3200, Time=45.85s
  > H=[649-672]: L=1231, α=1.00e+04, scaler=local, norm=mean, aug=freq(0.007). Val=1.3234, Time=43.78s
  > H=[673-696]: L=1231, α=1.00e+04, scaler=local, norm=mean, aug=freq(0.007). Val=1.3298, Time=43.87s
  > H=[697-720]: L=1231, α=1.00e+04, scaler=local, norm=mean, aug=freq(0.007). Val=1.3301, Time=44.18s

[Series Group: rain (mm)]
  > H=[1-24]: L=287, α=3.16e+03, scaler=local, norm=mean, aug=none. Val=1.4545, Time=17.06s
  > H=[25-48]: L=216, α=3.16e+03, scaler=local, norm=mean, aug=time(0.355). Val=1.5429, Time=11.54s
  > H=[49-72]: L=197, α=1.00e+04, scaler=local, norm=mean, aug=time(0.058). Val=1.5664, Time=11.84s
  > H=[73-96]: L=197, α=1.00e+04, scaler=local, norm=mean, aug=time(0.058). Val=1.5772, Time=11.33s
  > H=[97-120]: L=197, α=1.00e+04, scaler=local, norm=mean, aug=time(0.058). Val=1.5841, Time=18.49s
  > H=[121-144]: L=197, α=1.00e+04, scaler=local, norm=mean, aug=time(0.058). Val=1.5871, Time=18.28s
  > H=[145-168]: L=197, α=1.00e+04, scaler=local, norm=mean, aug=time(0.058). Val=1.5876, Time=17.98s
  > H=[169-192]: L=916, α=1.00e+04, scaler=local, norm=mean, aug=time(0.001). Val=1.5929, Time=19.84s
  > H=[193-216]: L=908, α=1.00e+04, scaler=local, norm=mean, aug=time(0.489). Val=1.5955, Time=21.61s
  > H=[217-240]: L=902, α=1.00e+04, scaler=local, norm=mean, aug=freq(0.012). Val=1.6059, Time=30.33s
  > H=[241-264]: L=804, α=1.00e+04, scaler=local, norm=mean, aug=time(0.017). Val=1.6151, Time=26.86s
  > H=[265-288]: L=1242, α=1.00e+04, scaler=local, norm=mean, aug=time(0.001). Val=1.6323, Time=27.01s
  > H=[289-312]: L=985, α=1.00e+04, scaler=local, norm=mean, aug=time(0.001). Val=1.6367, Time=24.27s
  > H=[313-336]: L=1010, α=1.00e+04, scaler=local, norm=mean, aug=time(0.001). Val=1.6403, Time=24.57s
  > H=[337-360]: L=936, α=1.00e+04, scaler=local, norm=mean, aug=freq(0.008). Val=1.6434, Time=22.32s
  > H=[361-384]: L=1010, α=1.00e+04, scaler=local, norm=mean, aug=freq(0.009). Val=1.6339, Time=28.91s
  > H=[385-408]: L=1010, α=1.00e+04, scaler=local, norm=mean, aug=time(0.001). Val=1.6374, Time=22.88s
  > H=[409-432]: L=1012, α=1.00e+04, scaler=local, norm=mean, aug=time(0.001). Val=1.6282, Time=26.04s
  > H=[433-456]: L=1040, α=1.00e+04, scaler=local, norm=mean, aug=freq(0.001). Val=1.6422, Time=27.27s
  > H=[457-480]: L=1040, α=1.00e+04, scaler=local, norm=mean, aug=freq(0.001). Val=1.6451, Time=27.30s
  > H=[481-504]: L=1012, α=1.00e+04, scaler=local, norm=mean, aug=time(0.001). Val=1.6376, Time=26.35s
  > H=[505-528]: L=922, α=1.00e+04, scaler=local, norm=mean, aug=time(0.001). Val=1.6422, Time=26.26s
  > H=[529-552]: L=971, α=1.00e+04, scaler=local, norm=mean, aug=freq(0.001). Val=1.6575, Time=30.71s
  > H=[553-576]: L=922, α=1.00e+04, scaler=local, norm=mean, aug=freq(0.001). Val=1.6617, Time=31.57s
  > H=[577-600]: L=922, α=1.00e+04, scaler=local, norm=mean, aug=freq(0.001). Val=1.6651, Time=35.06s
  > H=[601-624]: L=902, α=1.00e+04, scaler=local, norm=mean, aug=freq(0.012). Val=1.6676, Time=21.85s
  > H=[625-648]: L=197, α=3.16e+03, scaler=local, norm=mean, aug=time(0.058). Val=1.6701, Time=19.11s
  > H=[649-672]: L=836, α=1.00e+04, scaler=local, norm=mean, aug=time(0.085). Val=1.6724, Time=16.81s
  > H=[673-696]: L=197, α=3.16e+03, scaler=local, norm=mean, aug=time(0.058). Val=1.6776, Time=16.04s
  > H=[697-720]: L=197, α=3.16e+03, scaler=local, norm=mean, aug=time(0.058). Val=1.6812, Time=18.11s

[Series Group: raining (s)]
  > H=[1-24]: L=287, α=1.00e+03, scaler=local, norm=mean, aug=none. Val=0.7214, Time=15.28s
  > H=[25-48]: L=311, α=1.00e+03, scaler=local, norm=mean, aug=none. Val=0.9682, Time=9.17s
  > H=[49-72]: L=540, α=1.00e+04, scaler=local, norm=mean, aug=none. Val=1.0641, Time=13.73s
  > H=[73-96]: L=476, α=3.16e+03, scaler=local, norm=mean, aug=none. Val=1.0930, Time=18.46s
  > H=[97-120]: L=1033, α=1.00e+04, scaler=local, norm=mean, aug=time(0.009). Val=1.1058, Time=21.02s
  > H=[121-144]: L=914, α=1.00e+04, scaler=local, norm=mean, aug=time(0.001). Val=1.1075, Time=22.83s
  > H=[145-168]: L=944, α=1.00e+04, scaler=local, norm=mean, aug=time(0.012). Val=1.1129, Time=27.54s
  > H=[169-192]: L=924, α=1.00e+04, scaler=local, norm=mean, aug=time(0.011). Val=1.1194, Time=25.33s
  > H=[193-216]: L=924, α=1.00e+04, scaler=local, norm=mean, aug=time(0.011). Val=1.1229, Time=28.37s
  > H=[217-240]: L=888, α=1.00e+04, scaler=local, norm=mean, aug=none. Val=1.1235, Time=19.07s
  > H=[241-264]: L=828, α=1.00e+04, scaler=local, norm=mean, aug=none. Val=1.1229, Time=20.31s
  > H=[265-288]: L=865, α=1.00e+04, scaler=local, norm=mean, aug=freq(0.010). Val=1.1237, Time=44.72s
  > H=[289-312]: L=750, α=1.00e+04, scaler=local, norm=mean, aug=freq(0.014). Val=1.1236, Time=43.46s
  > H=[313-336]: L=993, α=1.00e+04, scaler=local, norm=mean, aug=freq(0.009). Val=1.1298, Time=46.88s
  > H=[337-360]: L=733, α=1.00e+04, scaler=local, norm=mean, aug=freq(0.014). Val=1.1211, Time=43.37s
  > H=[361-384]: L=783, α=1.00e+04, scaler=local, norm=mean, aug=freq(0.009). Val=1.1242, Time=44.54s
  > H=[385-408]: L=646, α=1.00e+04, scaler=local, norm=mean, aug=none. Val=1.1275, Time=42.86s
  > H=[409-432]: L=646, α=1.00e+04, scaler=local, norm=mean, aug=none. Val=1.1189, Time=42.41s
  > H=[433-456]: L=646, α=1.00e+04, scaler=local, norm=mean, aug=none. Val=1.1174, Time=44.77s
  > H=[457-480]: L=618, α=1.00e+04, scaler=local, norm=mean, aug=none. Val=1.1183, Time=29.03s
  > H=[481-504]: L=599, α=1.00e+04, scaler=local, norm=mean, aug=none. Val=1.1185, Time=36.19s
  > H=[505-528]: L=614, α=1.00e+04, scaler=local, norm=mean, aug=freq(0.002). Val=1.1176, Time=29.97s
  > H=[529-552]: L=614, α=1.00e+04, scaler=local, norm=mean, aug=freq(0.002). Val=1.1220, Time=21.73s
  > H=[553-576]: L=526, α=1.00e+04, scaler=local, norm=mean, aug=time(0.029). Val=1.1241, Time=18.88s
  > H=[577-600]: L=518, α=1.00e+04, scaler=local, norm=mean, aug=freq(0.035). Val=1.1249, Time=15.67s
  > H=[601-624]: L=518, α=1.00e+04, scaler=local, norm=mean, aug=freq(0.035). Val=1.1258, Time=16.47s
  > H=[625-648]: L=467, α=1.00e+04, scaler=local, norm=mean, aug=time(0.137). Val=1.1262, Time=15.82s
  > H=[649-672]: L=467, α=1.00e+04, scaler=local, norm=mean, aug=time(0.137). Val=1.1147, Time=15.92s
  > H=[673-696]: L=467, α=1.00e+04, scaler=local, norm=mean, aug=time(0.137). Val=1.1168, Time=17.04s
  > H=[697-720]: L=467, α=1.00e+04, scaler=local, norm=mean, aug=time(0.137). Val=1.1265, Time=17.05s

[Series Group: SWDR (W/m�)]
  > H=[1-24]: L=1625, α=1.00e+04, scaler=local, norm=mean, aug=freq(0.003). Val=0.2151, Time=52.86s
  > H=[25-48]: L=1625, α=1.00e+04, scaler=local, norm=mean, aug=freq(0.003). Val=0.3068, Time=49.05s
  > H=[49-72]: L=1625, α=1.00e+04, scaler=local, norm=mean, aug=freq(0.003). Val=0.3169, Time=50.51s
  > H=[73-96]: L=1625, α=1.00e+04, scaler=local, norm=mean, aug=freq(0.003). Val=0.3181, Time=49.91s
  > H=[97-120]: L=1616, α=1.00e+04, scaler=local, norm=mean, aug=time(0.001). Val=0.3197, Time=32.25s
  > H=[121-144]: L=919, α=1.00e+04, scaler=local, norm=mean, aug=time(0.007). Val=0.3223, Time=30.47s
  > H=[145-168]: L=1625, α=1.00e+04, scaler=local, norm=mean, aug=freq(0.003). Val=0.3410, Time=51.43s
  > H=[169-192]: L=1405, α=1.00e+04, scaler=local, norm=mean, aug=freq(0.008). Val=0.3457, Time=52.07s
  > H=[193-216]: L=1405, α=1.00e+04, scaler=local, norm=mean, aug=freq(0.008). Val=0.3452, Time=51.59s
  > H=[217-240]: L=1405, α=1.00e+04, scaler=local, norm=mean, aug=freq(0.008). Val=0.3457, Time=53.19s
  > H=[241-264]: L=1405, α=1.00e+04, scaler=local, norm=mean, aug=freq(0.008). Val=0.3466, Time=51.97s
  > H=[265-288]: L=1403, α=1.00e+04, scaler=local, norm=mean, aug=time(0.001). Val=0.3479, Time=35.02s
  > H=[289-312]: L=1296, α=1.00e+04, scaler=local, norm=mean, aug=none. Val=0.3488, Time=50.60s
  > H=[313-336]: L=1288, α=1.00e+04, scaler=local, norm=mean, aug=none. Val=0.3480, Time=48.54s
  > H=[337-360]: L=1288, α=1.00e+04, scaler=local, norm=mean, aug=none. Val=0.3477, Time=45.46s
  > H=[361-384]: L=1135, α=1.00e+04, scaler=local, norm=mean, aug=freq(0.007). Val=0.3530, Time=45.99s
  > H=[385-408]: L=1070, α=1.00e+04, scaler=local, norm=mean, aug=freq(0.012). Val=0.3528, Time=46.80s
  > H=[409-432]: L=1070, α=1.00e+04, scaler=local, norm=mean, aug=freq(0.006). Val=0.3530, Time=49.48s
  > H=[433-456]: L=1223, α=1.00e+04, scaler=local, norm=mean, aug=freq(0.014). Val=0.3467, Time=34.41s
  > H=[457-480]: L=1135, α=1.00e+04, scaler=local, norm=mean, aug=freq(0.007). Val=0.3495, Time=46.76s
  > H=[481-504]: L=1135, α=1.00e+04, scaler=local, norm=mean, aug=freq(0.007). Val=0.3507, Time=44.15s
  > H=[505-528]: L=1135, α=1.00e+04, scaler=local, norm=mean, aug=freq(0.007). Val=0.3515, Time=45.49s
  > H=[529-552]: L=1135, α=1.00e+04, scaler=local, norm=mean, aug=freq(0.007). Val=0.3523, Time=43.96s
  > H=[553-576]: L=1135, α=1.00e+04, scaler=local, norm=mean, aug=freq(0.007). Val=0.3564, Time=44.75s
  > H=[577-600]: L=1133, α=1.00e+04, scaler=local, norm=mean, aug=time(0.006). Val=0.3568, Time=30.81s
  > H=[601-624]: L=992, α=1.00e+04, scaler=local, norm=mean, aug=freq(0.014). Val=0.3546, Time=30.55s
  > H=[625-648]: L=975, α=1.00e+04, scaler=local, norm=mean, aug=freq(0.009). Val=0.3532, Time=43.65s
  > H=[649-672]: L=975, α=1.00e+04, scaler=local, norm=mean, aug=freq(0.009). Val=0.3537, Time=43.61s
  > H=[673-696]: L=928, α=1.00e+04, scaler=local, norm=mean, aug=freq(0.007). Val=0.3544, Time=43.32s
  > H=[697-720]: L=928, α=1.00e+04, scaler=local, norm=mean, aug=freq(0.010). Val=0.3568, Time=43.12s

[Series Group: PAR (�mol/m�/s)]
  > H=[1-24]: L=1625, α=1.00e+04, scaler=local, norm=mean, aug=freq(0.003). Val=0.2049, Time=50.65s
  > H=[25-48]: L=1625, α=1.00e+04, scaler=local, norm=mean, aug=freq(0.003). Val=0.2912, Time=52.02s
  > H=[49-72]: L=1625, α=1.00e+04, scaler=local, norm=mean, aug=freq(0.003). Val=0.3008, Time=55.32s
  > H=[73-96]: L=1625, α=1.00e+04, scaler=local, norm=mean, aug=freq(0.003). Val=0.3019, Time=54.56s
  > H=[97-120]: L=1616, α=1.00e+04, scaler=local, norm=mean, aug=time(0.001). Val=0.3033, Time=34.29s
  > H=[121-144]: L=919, α=1.00e+04, scaler=local, norm=mean, aug=time(0.007). Val=0.3059, Time=29.67s
  > H=[145-168]: L=1625, α=1.00e+04, scaler=local, norm=mean, aug=freq(0.003). Val=0.3237, Time=52.46s
  > H=[169-192]: L=1405, α=1.00e+04, scaler=local, norm=mean, aug=freq(0.008). Val=0.3282, Time=54.77s
  > H=[193-216]: L=1405, α=1.00e+04, scaler=local, norm=mean, aug=freq(0.008). Val=0.3277, Time=52.66s
  > H=[217-240]: L=1405, α=1.00e+04, scaler=local, norm=mean, aug=freq(0.008). Val=0.3282, Time=54.79s
  > H=[241-264]: L=1405, α=1.00e+04, scaler=local, norm=mean, aug=freq(0.008). Val=0.3290, Time=51.93s
  > H=[265-288]: L=1403, α=1.00e+04, scaler=local, norm=mean, aug=time(0.001). Val=0.3307, Time=36.11s
  > H=[289-312]: L=1296, α=1.00e+04, scaler=local, norm=mean, aug=none. Val=0.3312, Time=124.72s
  > H=[313-336]: L=1288, α=1.00e+04, scaler=local, norm=mean, aug=none. Val=0.3306, Time=200.73s
  > H=[337-360]: L=1288, α=1.00e+04, scaler=local, norm=mean, aug=none. Val=0.3304, Time=85.57s
  > H=[361-384]: L=1135, α=1.00e+04, scaler=local, norm=mean, aug=freq(0.007). Val=0.3356, Time=252.54s
  > H=[385-408]: L=1070, α=1.00e+04, scaler=local, norm=mean, aug=freq(0.012). Val=0.3355, Time=71.38s
  > H=[409-432]: L=1244, α=1.00e+04, scaler=local, norm=mean, aug=none. Val=0.3324, Time=70.37s
  > H=[433-456]: L=1223, α=1.00e+04, scaler=local, norm=mean, aug=freq(0.014). Val=0.3293, Time=69.03s
  > H=[457-480]: L=1135, α=1.00e+04, scaler=local, norm=mean, aug=freq(0.007). Val=0.3322, Time=183.40s
  > H=[481-504]: L=1135, α=1.00e+04, scaler=local, norm=mean, aug=freq(0.007). Val=0.3334, Time=61.81s
  > H=[505-528]: L=1135, α=1.00e+04, scaler=local, norm=mean, aug=freq(0.007). Val=0.3341, Time=116.97s
  > H=[529-552]: L=1135, α=1.00e+04, scaler=local, norm=mean, aug=freq(0.007). Val=0.3349, Time=127.70s
  > H=[553-576]: L=1135, α=1.00e+04, scaler=local, norm=mean, aug=freq(0.007). Val=0.3395, Time=152.94s
  > H=[577-600]: L=1133, α=1.00e+04, scaler=local, norm=mean, aug=time(0.006). Val=0.3396, Time=28.54s
  > H=[601-624]: L=992, α=1.00e+04, scaler=local, norm=mean, aug=freq(0.014). Val=0.3366, Time=138.28s
  > H=[625-648]: L=993, α=1.00e+04, scaler=local, norm=mean, aug=freq(0.009). Val=0.3352, Time=78.45s
  > H=[649-672]: L=975, α=1.00e+04, scaler=local, norm=mean, aug=freq(0.009). Val=0.3356, Time=161.63s
  > H=[673-696]: L=928, α=1.00e+04, scaler=local, norm=mean, aug=freq(0.007). Val=0.3363, Time=237.71s
  > H=[697-720]: L=928, α=1.00e+04, scaler=local, norm=mean, aug=freq(0.010). Val=0.3390, Time=113.75s

[Series Group: max. PAR (�mol/m�/s)]
  > H=[1-24]: L=992, α=1.00e+04, scaler=local, norm=mean, aug=freq(0.009). Val=0.4883, Time=31.69s
  > H=[25-48]: L=992, α=1.00e+04, scaler=local, norm=mean, aug=freq(0.014). Val=0.5206, Time=31.94s
  > H=[49-72]: L=975, α=1.00e+04, scaler=local, norm=mean, aug=freq(0.009). Val=0.5225, Time=47.19s
  > H=[73-96]: L=936, α=1.00e+04, scaler=local, norm=mean, aug=freq(0.012). Val=0.5235, Time=31.14s
  > H=[97-120]: L=911, α=1.00e+04, scaler=local, norm=mean, aug=freq(0.009). Val=0.5247, Time=32.27s
  > H=[121-144]: L=908, α=1.00e+04, scaler=local, norm=mean, aug=time(0.008). Val=0.5288, Time=24.79s
  > H=[145-168]: L=927, α=1.00e+04, scaler=local, norm=mean, aug=time(0.007). Val=0.5396, Time=29.33s
  > H=[169-192]: L=836, α=1.00e+04, scaler=local, norm=mean, aug=freq(0.011). Val=0.5380, Time=45.08s
  > H=[193-216]: L=836, α=1.00e+04, scaler=local, norm=mean, aug=freq(0.011). Val=0.5389, Time=45.74s
  > H=[217-240]: L=836, α=1.00e+04, scaler=local, norm=mean, aug=freq(0.011). Val=0.5401, Time=45.19s
  > H=[241-264]: L=836, α=1.00e+04, scaler=local, norm=mean, aug=freq(0.011). Val=0.5415, Time=44.57s
  > H=[265-288]: L=836, α=1.00e+04, scaler=local, norm=mean, aug=time(0.010). Val=0.5432, Time=28.30s
  > H=[289-312]: L=715, α=1.00e+04, scaler=local, norm=mean, aug=freq(0.009). Val=0.5494, Time=31.30s
  > H=[313-336]: L=715, α=1.00e+04, scaler=local, norm=mean, aug=freq(0.009). Val=0.5492, Time=45.88s
  > H=[337-360]: L=827, α=1.00e+04, scaler=local, norm=mean, aug=freq(0.012). Val=0.5498, Time=28.42s
  > H=[361-384]: L=827, α=1.00e+04, scaler=local, norm=mean, aug=freq(0.012). Val=0.5510, Time=30.66s
  > H=[385-408]: L=640, α=1.00e+04, scaler=local, norm=mean, aug=freq(0.011). Val=0.5517, Time=26.22s
  > H=[409-432]: L=751, α=1.00e+04, scaler=local, norm=mean, aug=time(0.005). Val=0.5548, Time=252.34s
  > H=[433-456]: L=569, α=1.00e+04, scaler=local, norm=mean, aug=freq(0.176). Val=0.5573, Time=592.33s
  > H=[457-480]: L=557, α=1.00e+04, scaler=local, norm=mean, aug=freq(0.014). Val=0.5545, Time=19.76s
  > H=[481-504]: L=737, α=1.00e+04, scaler=local, norm=mean, aug=freq(0.010). Val=0.5556, Time=22.15s
  > H=[505-528]: L=518, α=1.00e+04, scaler=local, norm=mean, aug=freq(0.035). Val=0.5565, Time=19.78s
  > H=[529-552]: L=518, α=1.00e+04, scaler=local, norm=mean, aug=freq(0.035). Val=0.5579, Time=19.56s
  > H=[553-576]: L=640, α=1.00e+04, scaler=local, norm=mean, aug=freq(0.011). Val=0.5617, Time=102.63s
  > H=[577-600]: L=640, α=1.00e+04, scaler=local, norm=mean, aug=freq(0.011). Val=0.5721, Time=18.09s
  > H=[601-624]: L=1033, α=1.00e+04, scaler=local, norm=mean, aug=time(0.011). Val=0.5741, Time=813.26s
  > H=[625-648]: L=543, α=1.00e+04, scaler=local, norm=mean, aug=freq(0.007). Val=0.5748, Time=28.73s
  > H=[649-672]: L=543, α=1.00e+04, scaler=local, norm=mean, aug=freq(0.025). Val=0.5760, Time=110.69s
  > H=[673-696]: L=963, α=1.00e+04, scaler=local, norm=mean, aug=time(0.011). Val=0.5769, Time=216.70s
  > H=[697-720]: L=1266, α=1.00e+04, scaler=local, norm=mean, aug=freq(0.003). Val=0.5792, Time=31.40s

[Series Group: Tlog (degC)]
  > H=[1-24]: L=865, α=1.00e-01, scaler=local, norm=mean, aug=freq(0.010). Val=0.0338, Time=474.23s
  > H=[25-48]: L=895, α=1.00e-01, scaler=local, norm=mean, aug=freq(0.015). Val=0.1252, Time=78.58s
  > H=[49-72]: L=518, α=1.00e+00, scaler=local, norm=mean, aug=freq(0.035). Val=0.1792, Time=121.45s
  > H=[73-96]: L=518, α=3.16e+01, scaler=local, norm=mean, aug=freq(0.035). Val=0.1975, Time=28.49s
  > H=[97-120]: L=751, α=3.16e+03, scaler=local, norm=mean, aug=freq(0.012). Val=0.1986, Time=667.48s
  > H=[121-144]: L=614, α=3.16e+03, scaler=local, norm=mean, aug=freq(0.002). Val=0.2032, Time=520.39s
  > H=[145-168]: L=702, α=1.00e-01, scaler=local, norm=mean, aug=freq(0.012). Val=0.2204, Time=30.35s
  > H=[169-192]: L=827, α=1.00e-01, scaler=local, norm=mean, aug=freq(0.012). Val=0.2534, Time=211.27s
  > H=[193-216]: L=827, α=3.16e+03, scaler=local, norm=mean, aug=freq(0.012). Val=0.2703, Time=46.61s
  > H=[217-240]: L=1179, α=1.00e+04, scaler=local, norm=mean, aug=none. Val=0.2751, Time=28.80s
  > H=[241-264]: L=963, α=1.00e+04, scaler=local, norm=mean, aug=time(0.011). Val=0.2760, Time=954.52s
  > H=[265-288]: L=936, α=1.00e+04, scaler=local, norm=mean, aug=freq(0.008). Val=0.2781, Time=23.95s
  > H=[289-312]: L=936, α=1.00e+04, scaler=local, norm=mean, aug=freq(0.008). Val=0.2863, Time=24.59s
  > H=[313-336]: L=864, α=1.00e+04, scaler=local, norm=mean, aug=freq(0.014). Val=0.2984, Time=29.53s
  > H=[337-360]: L=936, α=1.00e+04, scaler=local, norm=mean, aug=freq(0.012). Val=0.3050, Time=28.67s
  > H=[361-384]: L=936, α=1.00e+04, scaler=local, norm=mean, aug=freq(0.012). Val=0.3039, Time=30.21s
  > H=[385-408]: L=963, α=1.00e+04, scaler=local, norm=mean, aug=freq(0.011). Val=0.3031, Time=28.74s
  > H=[409-432]: L=963, α=1.00e+04, scaler=local, norm=mean, aug=freq(0.011). Val=0.3034, Time=27.48s
  > H=[433-456]: L=924, α=1.00e+04, scaler=local, norm=mean, aug=freq(0.008). Val=0.3055, Time=26.88s
  > H=[457-480]: L=872, α=1.00e+04, scaler=local, norm=mean, aug=freq(0.009). Val=0.3107, Time=31.65s
  > H=[481-504]: L=864, α=1.00e+04, scaler=local, norm=mean, aug=freq(0.014). Val=0.3139, Time=29.60s
  > H=[505-528]: L=936, α=1.00e+04, scaler=local, norm=mean, aug=freq(0.012). Val=0.3148, Time=29.55s
  > H=[529-552]: L=924, α=1.00e+04, scaler=local, norm=mean, aug=freq(0.008). Val=0.3152, Time=23.31s
  > H=[553-576]: L=924, α=1.00e+04, scaler=local, norm=mean, aug=freq(0.008). Val=0.3160, Time=22.48s
  > H=[577-600]: L=924, α=1.00e+04, scaler=local, norm=mean, aug=freq(0.008). Val=0.3179, Time=23.22s
  > H=[601-624]: L=924, α=1.00e+04, scaler=local, norm=mean, aug=freq(0.008). Val=0.3220, Time=21.62s
  > H=[625-648]: L=963, α=1.00e+04, scaler=local, norm=mean, aug=time(0.011). Val=0.3239, Time=21.79s
  > H=[649-672]: L=936, α=1.00e+04, scaler=local, norm=mean, aug=freq(0.008). Val=0.3239, Time=23.65s
  > H=[673-696]: L=924, α=1.00e+04, scaler=local, norm=mean, aug=freq(0.008). Val=0.3249, Time=23.89s
  > H=[697-720]: L=924, α=1.00e+04, scaler=local, norm=mean, aug=freq(0.008). Val=0.3264, Time=24.02s

[Series Group: OT]
  > H=[1-24]: L=122, α=1.00e+04, scaler=local, norm=mean, aug=time(0.483). Val=0.4768, Time=7.84s
  > H=[25-48]: L=2018, α=1.00e+04, scaler=local, norm=mean, aug=time(0.002). Val=0.3909, Time=39.85s
  > H=[49-72]: L=2018, α=1.00e+04, scaler=local, norm=mean, aug=time(0.002). Val=0.3781, Time=37.78s
  > H=[73-96]: L=2018, α=1.00e+04, scaler=local, norm=mean, aug=time(0.002). Val=0.3788, Time=37.30s
  > H=[97-120]: L=2018, α=1.00e+04, scaler=local, norm=mean, aug=time(0.002). Val=0.3796, Time=36.47s
  > H=[121-144]: L=2018, α=1.00e+04, scaler=local, norm=mean, aug=time(0.002). Val=0.3775, Time=38.00s
  > H=[145-168]: L=2018, α=1.00e+04, scaler=local, norm=mean, aug=time(0.002). Val=0.0926, Time=34.92s
  > H=[169-192]: L=2018, α=1.00e+04, scaler=local, norm=mean, aug=time(0.002). Val=0.0029, Time=34.70s
  > H=[193-216]: L=2018, α=1.00e+04, scaler=local, norm=mean, aug=time(0.002). Val=0.0029, Time=34.39s
  > H=[217-240]: L=2018, α=1.00e+04, scaler=local, norm=mean, aug=time(0.002). Val=0.0028, Time=33.88s
  > H=[241-264]: L=2018, α=1.00e+04, scaler=local, norm=mean, aug=time(0.002). Val=0.0028, Time=34.75s
  > H=[265-288]: L=2018, α=1.00e+04, scaler=local, norm=mean, aug=time(0.002). Val=0.0028, Time=34.17s
  > H=[289-312]: L=2018, α=1.00e+04, scaler=local, norm=mean, aug=time(0.002). Val=0.0029, Time=34.78s
  > H=[313-336]: L=2018, α=1.00e+04, scaler=local, norm=mean, aug=time(0.002). Val=0.0029, Time=32.70s
  > H=[337-360]: L=2018, α=1.00e+04, scaler=local, norm=mean, aug=time(0.002). Val=0.0029, Time=42.72s
  > H=[361-384]: L=2018, α=1.00e+04, scaler=local, norm=mean, aug=time(0.002). Val=0.0029, Time=43.01s
  > H=[385-408]: L=2018, α=1.00e+04, scaler=local, norm=mean, aug=time(0.002). Val=0.0029, Time=40.55s
  > H=[409-432]: L=2018, α=1.00e+04, scaler=local, norm=mean, aug=time(0.002). Val=0.0029, Time=41.11s
  > H=[433-456]: L=2018, α=1.00e+04, scaler=local, norm=mean, aug=time(0.002). Val=0.0029, Time=36.19s
  > H=[457-480]: L=2018, α=1.00e+04, scaler=local, norm=mean, aug=time(0.002). Val=0.0030, Time=42.17s
  > H=[481-504]: L=2018, α=1.00e+04, scaler=local, norm=mean, aug=time(0.002). Val=0.0029, Time=38.96s
  > H=[505-528]: L=2018, α=1.00e+04, scaler=local, norm=mean, aug=time(0.002). Val=0.0029, Time=45.31s
  > H=[529-552]: L=2018, α=1.00e+04, scaler=local, norm=mean, aug=time(0.002). Val=0.0029, Time=41.00s
  > H=[553-576]: L=2018, α=1.00e+04, scaler=local, norm=mean, aug=time(0.002). Val=0.0029, Time=42.70s
  > H=[577-600]: L=2018, α=1.00e+04, scaler=local, norm=mean, aug=time(0.002). Val=0.0029, Time=41.52s
  > H=[601-624]: L=2018, α=1.00e+04, scaler=local, norm=mean, aug=time(0.002). Val=0.0029, Time=40.81s
  > H=[625-648]: L=2018, α=1.00e+04, scaler=local, norm=mean, aug=time(0.002). Val=0.0030, Time=41.20s
  > H=[649-672]: L=2018, α=1.00e+04, scaler=local, norm=mean, aug=time(0.002). Val=0.0029, Time=42.26s
  > H=[673-696]: L=2018, α=1.00e+04, scaler=local, norm=mean, aug=time(0.002). Val=0.0029, Time=40.97s
  > H=[697-720]: L=2018, α=1.00e+04, scaler=local, norm=mean, aug=time(0.002). Val=0.0029, Time=43.84s

[Timing Summary]
  Total searches: 630
  Average search time: 50.01s
  Total time: 32534.16s (542.2min)
[sc] sgs=1 H=96: full=0.1393 M64=0.1185 M96=0.1381
[sc] sgs=1 H=192: full=0.1826 M64=0.1803 M96=0.1815
[sc] sgs=1 H=336: full=0.2331 M64=0.2310 M96=0.2329
[sc] sgs=1 H=720: full=0.3037 M64=0.3076 M96=0.3028
[sc] sgs=1 MEAN full MSE=0.2147  (32544s)

[sc] TEST SELECTION: best sgs=1 (lowest mean TEST MSE=0.2147)
[sc] per-sgs mean test MSE: sgs1=0.2147
[sc] saved results_substack/searchcast_weather.json
[gh24] weather done 08-08 00:46
[gh24] ETTm1 sgs=7 start 08-08 00:46
[sc] ETTm1: S=7 n_train=34560 n_test=11520 gh=24 sgs sweep=[7]

[sc] ===== sgs=7 =====
Valid Lookbacks: [32, 40, 50, 64, 80, 101, 128, 161, 203, 256, 322, 406, 512, 645, 812, 1024, 1290, 1625, 2048]

[Series Group: [HUFL..OT]]
  > H=[1-24]: L=2018, α=1.00e+04, scaler=local, norm=mean, aug=freq(0.002). Val=0.1956, Time=329.51s
  > H=[25-48]: L=2018, α=1.00e+04, scaler=local, norm=mean, aug=freq(0.002). Val=0.3342, Time=312.40s
  > H=[49-72]: L=1219, α=1.00e+04, scaler=local, norm=mean, aug=none. Val=0.3542, Time=305.65s
  > H=[73-96]: L=1658, α=1.00e+04, scaler=local, norm=mean, aug=freq(0.003). Val=0.3644, Time=300.57s
  > H=[97-120]: L=1625, α=1.00e+04, scaler=local, norm=mean, aug=freq(0.003). Val=0.3995, Time=331.33s
  > H=[121-144]: L=1625, α=1.00e+04, scaler=local, norm=mean, aug=freq(0.003). Val=0.4267, Time=336.19s
  > H=[145-168]: L=1405, α=1.00e+04, scaler=local, norm=mean, aug=freq(0.008). Val=0.4383, Time=731.98s
  > H=[169-192]: L=1405, α=1.00e+04, scaler=local, norm=mean, aug=freq(0.008). Val=0.4486, Time=361.06s
  > H=[193-216]: L=1658, α=1.00e+04, scaler=local, norm=mean, aug=freq(0.003). Val=0.4793, Time=4434.35s
  > H=[217-240]: L=1625, α=1.00e+04, scaler=local, norm=mean, aug=freq(0.003). Val=0.5062, Time=347.69s
  > H=[241-264]: L=1625, α=1.00e+04, scaler=local, norm=mean, aug=freq(0.003). Val=0.5166, Time=338.14s
  > H=[265-288]: L=1658, α=1.00e+04, scaler=local, norm=mean, aug=time(0.003). Val=0.5240, Time=195.47s
  > H=[289-312]: L=1658, α=1.00e+04, scaler=local, norm=mean, aug=time(0.003). Val=0.5383, Time=211.03s
  > H=[313-336]: L=1616, α=1.00e+04, scaler=local, norm=mean, aug=time(0.001). Val=0.5509, Time=223.90s
  > H=[337-360]: L=1658, α=1.00e+04, scaler=local, norm=mean, aug=freq(0.003). Val=0.5586, Time=401.14s
  > H=[361-384]: L=1658, α=1.00e+04, scaler=local, norm=mean, aug=freq(0.003). Val=0.5644, Time=423.28s
  > H=[385-408]: L=1625, α=1.00e+04, scaler=local, norm=mean, aug=freq(0.003). Val=0.5847, Time=428.36s
  > H=[409-432]: L=1625, α=1.00e+04, scaler=local, norm=mean, aug=freq(0.003). Val=0.6035, Time=407.82s
  > H=[433-456]: L=1658, α=1.00e+04, scaler=local, norm=mean, aug=freq(0.003). Val=0.6112, Time=415.85s
  > H=[457-480]: L=1658, α=1.00e+04, scaler=local, norm=mean, aug=freq(0.003). Val=0.6165, Time=422.41s
  > H=[481-504]: L=1625, α=1.00e+04, scaler=local, norm=mean, aug=freq(0.003). Val=0.6321, Time=1297.91s
  > H=[505-528]: L=1625, α=1.00e+04, scaler=local, norm=mean, aug=freq(0.003). Val=0.6454, Time=341.26s
  > H=[529-552]: L=1625, α=1.00e+04, scaler=local, norm=mean, aug=freq(0.003). Val=0.6513, Time=402.37s
  > H=[553-576]: L=1625, α=1.00e+04, scaler=local, norm=mean, aug=freq(0.003). Val=0.6562, Time=410.16s
  > H=[577-600]: L=1625, α=1.00e+04, scaler=local, norm=mean, aug=freq(0.003). Val=0.6735, Time=422.52s
  > H=[601-624]: L=1405, α=1.00e+04, scaler=local, norm=mean, aug=freq(0.008). Val=0.6875, Time=405.52s
  > H=[625-648]: L=1405, α=1.00e+04, scaler=local, norm=mean, aug=freq(0.008). Val=0.6931, Time=401.28s
  > H=[649-672]: L=1405, α=1.00e+04, scaler=local, norm=mean, aug=freq(0.008). Val=0.6988, Time=414.65s
  > H=[673-696]: L=1405, α=1.00e+04, scaler=local, norm=mean, aug=freq(0.008). Val=0.7166, Time=413.42s
  > H=[697-720]: L=1405, α=1.00e+04, scaler=local, norm=mean, aug=freq(0.008). Val=0.7319, Time=1356.15s

[Timing Summary]
  Total searches: 30
  Average search time: 570.78s
  Total time: 18577.94s (309.6min)
[sc] sgs=7 H=96: full=0.3058 M64=0.2764 M96=0.3011
[sc] sgs=7 H=192: full=0.3333 M64=0.3281 M96=0.3317
[sc] sgs=7 H=336: full=0.3564 M64=0.3464 M96=0.3564
[sc] sgs=7 H=720: full=0.3933 M64=0.3947 M96=0.3946
[sc] sgs=7 MEAN full MSE=0.3472  (18582s)

[sc] TEST SELECTION: best sgs=7 (lowest mean TEST MSE=0.3472)
[sc] per-sgs mean test MSE: sgs7=0.3472
[sc] saved results_substack/searchcast_ETTm1.json
[gh24] ETTm1 done 08-08 05:55
[gh24] ALL DONE 08-08 05:55
