[toto] weather multivariate ctx=2048 H= 96 mean   MSE=0.1360 MAE=0.1762 (5509s)
[toto] weather multivariate ctx=2048 H= 96 median MSE=0.1387 MAE=0.1692 (5509s)
[toto] weather multivariate ctx=2048 H=192 mean   MSE=0.1795 MAE=0.2244 (7660s)
[toto] weather multivariate ctx=2048 H=192 median MSE=0.1810 MAE=0.2139 (7660s)
[toto] weather multivariate ctx=2048 H=336 mean   MSE=0.2320 MAE=0.2678 (10880s)
[toto] weather multivariate ctx=2048 H=336 median MSE=0.2323 MAE=0.2551 (10880s)
[toto] weather multivariate ctx=2048 H=720 mean   MSE=0.3048 MAE=0.3224 (3950s)
[toto] weather multivariate ctx=2048 H=720 median MSE=0.3005 MAE=0.3025 (3950s)
[toto] weather univariate   ctx= 512 H= 96 mean   MSE=0.1818 MAE=0.2082 (318s)
[toto] weather univariate   ctx= 512 H= 96 median MSE=0.1612 MAE=0.1889 (318s)
[toto] weather univariate   ctx= 512 H=192 mean   MSE=0.3578 MAE=0.2694 (366s)
[toto] weather univariate   ctx= 512 H=192 median MSE=0.2072 MAE=0.2335 (366s)
[toto] weather univariate   ctx= 512 H=336 mean   MSE=0.3354 MAE=0.3227 (444s)
[toto] weather univariate   ctx= 512 H=336 median MSE=0.2724 MAE=0.2810 (444s)
[toto] weather univariate   ctx= 512 H=720 mean   MSE=0.7611 MAE=0.4351 (844s)
[toto] weather univariate   ctx= 512 H=720 median MSE=0.3716 MAE=0.3379 (844s)
[toto] weather univariate   ctx=1024 H= 96 mean   MSE=0.1652 MAE=0.1965 (577s)
[toto] weather univariate   ctx=1024 H= 96 median MSE=0.1503 MAE=0.1800 (577s)
[toto] weather univariate   ctx=1024 H=192 mean   MSE=0.2426 MAE=0.2518 (615s)
[toto] weather univariate   ctx=1024 H=192 median MSE=0.1943 MAE=0.2245 (615s)
[toto] weather univariate   ctx=1024 H=336 mean   MSE=0.2943 MAE=0.3050 (2117s)
[toto] weather univariate   ctx=1024 H=336 median MSE=0.2545 MAE=0.2705 (2117s)
[toto] weather univariate   ctx=1024 H=720 mean   MSE=0.5018 MAE=0.3948 (2154s)
[toto] weather univariate   ctx=1024 H=720 median MSE=0.3371 MAE=0.3251 (2154s)
[toto] weather univariate   ctx=2048 H= 96 mean   MSE=0.1427 MAE=0.1841 (10411s)
[toto] weather univariate   ctx=2048 H= 96 median MSE=0.1420 MAE=0.1725 (10411s)
[toto] weather univariate   ctx=2048 H=192 mean   MSE=0.1933 MAE=0.2356 (1136s)
[toto] weather univariate   ctx=2048 H=192 median MSE=0.1841 MAE=0.2168 (1136s)
[toto] weather univariate   ctx=2048 H=336 mean   MSE=0.2567 MAE=0.2834 (7625s)
[toto] weather univariate   ctx=2048 H=336 median MSE=0.2400 MAE=0.2588 (7625s)
[toto] weather univariate   ctx=2048 H=720 mean   MSE=0.4014 MAE=0.3571 (6717s)
[toto] weather univariate   ctx=2048 H=720 median MSE=0.3169 MAE=0.3103 (6717s)
[toto] weather univariate   ctx=2048 H= 96 mean   MSE=0.1416 MAE=0.1834 (4445s)
[toto] weather univariate   ctx=2048 H= 96 median MSE=0.1409 MAE=0.1719 (4445s)
[toto] weather univariate   ctx=2048 H=192 mean   MSE=0.1902 MAE=0.2340 (8502s)
[toto] weather univariate   ctx=2048 H=192 median MSE=0.1825 MAE=0.2151 (8502s)
[toto] weather univariate   ctx=2048 H=336 mean   MSE=0.2511 MAE=0.2824 (6613s)
[toto] weather univariate   ctx=2048 H=336 median MSE=0.2378 MAE=0.2579 (6613s)
[toto] weather univariate   ctx=2048 H=720 mean   MSE=0.3695 MAE=0.3521 (15915s)
[toto] weather univariate   ctx=2048 H=720 median MSE=0.3140 MAE=0.3084 (15915s)
[toto] weather univariate   ctx= 512 H= 96 mean   MSE=0.2250 MAE=0.2086 (10s)
[toto] weather univariate   ctx= 512 H= 96 median MSE=0.1606 MAE=0.1888 (10s)
[toto] weather univariate   ctx= 512 H=192 mean   MSE=0.3002 MAE=0.2619 (11s)
[toto] weather univariate   ctx= 512 H=192 median MSE=0.2061 MAE=0.2335 (11s)
[toto] weather univariate   ctx= 512 H=336 mean   MSE=0.3706 MAE=0.3192 (14s)
[toto] weather univariate   ctx= 512 H=336 median MSE=0.2701 MAE=0.2803 (14s)
[toto] weather univariate   ctx= 512 H=720 mean   MSE=0.9101 MAE=0.4196 (20s)
[toto] weather univariate   ctx= 512 H=720 median MSE=0.3594 MAE=0.3382 (20s)
[toto] weather univariate   ctx=1024 H= 96 mean   MSE=0.1892 MAE=0.2007 (16s)
[toto] weather univariate   ctx=1024 H= 96 median MSE=0.1529 MAE=0.1831 (16s)
[toto] weather univariate   ctx=1024 H=192 mean   MSE=0.2339 MAE=0.2546 (17s)
[toto] weather univariate   ctx=1024 H=192 median MSE=0.1970 MAE=0.2275 (17s)
[toto] weather univariate   ctx=1024 H=336 mean   MSE=0.3425 MAE=0.3134 (20s)
[toto] weather univariate   ctx=1024 H=336 median MSE=0.2569 MAE=0.2737 (20s)
[toto] weather univariate   ctx=1024 H=720 mean   MSE=0.7013 MAE=0.4062 (26s)
[toto] weather univariate   ctx=1024 H=720 median MSE=0.3432 MAE=0.3299 (26s)
[toto] weather univariate   ctx=2048 H= 96 mean   MSE=0.1491 MAE=0.1895 (30s)
[toto] weather univariate   ctx=2048 H= 96 median MSE=0.1451 MAE=0.1770 (30s)
[toto] weather univariate   ctx=2048 H=192 mean   MSE=0.1995 MAE=0.2404 (31s)
[toto] weather univariate   ctx=2048 H=192 median MSE=0.1864 MAE=0.2201 (31s)
[toto] weather univariate   ctx=2048 H=336 mean   MSE=0.2608 MAE=0.2905 (34s)
[toto] weather univariate   ctx=2048 H=336 median MSE=0.2423 MAE=0.2628 (34s)
[toto] weather univariate   ctx=2048 H=720 mean   MSE=0.3871 MAE=0.3662 (43s)
[toto] weather univariate   ctx=2048 H=720 median MSE=0.3164 MAE=0.3144 (43s)
[toto] weather multivariate ctx=2048 H= 96 mean   MSE=0.1364 MAE=0.1760 (1022s)
[toto] weather multivariate ctx=2048 H= 96 median MSE=0.1397 MAE=0.1699 (1022s)
[toto] weather multivariate ctx=2048 H=192 mean   MSE=0.1810 MAE=0.2253 (1230s)
[toto] weather multivariate ctx=2048 H=192 median MSE=0.1828 MAE=0.2158 (1230s)
[toto] weather multivariate ctx=2048 H=336 mean   MSE=0.2350 MAE=0.2685 (9352s)
[toto] weather multivariate ctx=2048 H=336 median MSE=0.2354 MAE=0.2570 (9352s)
[toto] weather multivariate ctx=2048 H=720 mean   MSE=0.3088 MAE=0.3232 (2926s)
[toto] weather multivariate ctx=2048 H=720 median MSE=0.3063 MAE=0.3060 (2926s)
[toto] weather multivariate ctx=2048 H= 96 mean   MSE=0.1400 MAE=0.1793 (32s)
[toto] weather multivariate ctx=2048 H= 96 median MSE=0.1429 MAE=0.1740 (32s)
[toto] weather multivariate ctx=2048 H=192 mean   MSE=0.1826 MAE=0.2251 (34s)
[toto] weather multivariate ctx=2048 H=192 median MSE=0.1853 MAE=0.2177 (34s)
[toto] weather multivariate ctx=2048 H=336 mean   MSE=0.2379 MAE=0.2692 (35s)
[toto] weather multivariate ctx=2048 H=336 median MSE=0.2395 MAE=0.2608 (35s)
[toto] weather multivariate ctx=2048 H=720 mean   MSE=0.3091 MAE=0.3226 (44s)
[toto] weather multivariate ctx=2048 H=720 median MSE=0.3087 MAE=0.3102 (44s)
